******************************************************************************
                  TI ARM Linker PC v5.2.5                      
******************************************************************************
>> Linked Sat Jul 08 20:02:28 2017

OUTPUT FILE NAME:   <linDelta_v3.out>
ENTRY POINT SYMBOL: "_c_int00"  address: 00017e1d


MEMORY CONFIGURATION

         name            origin    length      used     unused   attr    fill
----------------------  --------  ---------  --------  --------  ----  --------
  FLASH                 00000000   00100000  00020f04  000df0fc  R  X
  SRAM                  20000000   00040000  00015bce  0002a432  RW X


SEGMENT ALLOCATION MAP

run origin  load origin   length   init length attrs members
----------  ----------- ---------- ----------- ----- -------
00000000    00000000    00020f10   00020f10    r-x
  00000000    00000000    0000003c   0000003c    r-- .resetVecs
  00000040    00000040    0001d7b2   0001d7b2    r-x .text
  0001d7f4    0001d7f4    00002e26   00002e26    r-- .const
  00020620    00020620    000008f0   000008f0    r-- .cinit
20000000    20000000    00000360   00000000    rw-
  20000000    20000000    00000360   00000000    rw- .vecs
20000380    20000380    00015870   00000000    rw-
  20000380    20000380    000141f6   00000000    rw- .bss
  20014578    20014578    00000e78   00000000    rw- .data
  200153f0    200153f0    00000800   00000000    rw- .stack


SECTION ALLOCATION MAP

 output                                  attributes/
section   page    origin      length       input sections
--------  ----  ----------  ----------   ----------------
.text      0    00000040    0001d7b2     
                  00000040    00000cb8     stk6.aem4f : tcp6in.oem4f (.text:TCP6Input)
                  00000cf8    00000c68                : tcpin.oem4f (.text:TcpInput)
                  00001960    000008b8                : tcpout.oem4f (.text:TcpOutput)
                  00002218    00000898                : tcp6out.oem4f (.text:TCP6Output)
                  00002ab0    00000430     sysbios.aem4f : BIOS.obj (.text:ti_sysbios_family_arm_m3_Hwi_excDumpRegs__I)
                  00002ee0    00000408     stk6.aem4f : ipout.oem4f (.text:IPTxPacket)
                  000032e8    000003e4                : bind6.oem4f (.text:Bind6New)
                  000036cc    000003bc                : icmpv6_ndisc.oem4f (.text:ICMPv6RecvRA)
                  00003a88    00000384                : ipin.oem4f (.text:IPRxPacket)
                  00003e0c    0000034c     ti.targets.arm.rtsarm.aem4f : System.oem4f (.text:xdc_runtime_System_doPrint__I)
                  00004158    00000328     stk6.aem4f : route6.oem4f (.text:Rt6Create)
                  00004480    00000324     ti.mw.fatfs.aem4f : ff.oem4f (.text:find_volume)
                  000047a4    0000030c     rtsv7M4_T_le_v4SPD16_eabi.lib : lowlev.obj (.text)
                  00004ab0    000002d4                                   : trgdrv.obj (.text)
                  00004d84    00000004     stk6.aem4f : bind.oem4f (.text:BindGetIF)
                  00004d88    000002c0     sysbios.aem4f : BIOS.obj (.text:ti_sysbios_knl_Task_Instance_finalize__E)
                  00005048    000002ac     stk6.aem4f : sock6.oem4f (.text:Sock6Connect)
                  000052f4    00000004                : bind.oem4f (.text:BindGetNext)
                  000052f8    000002ac     sysbios.aem4f : BIOS.obj (.text:ti_sysbios_knl_Semaphore_pend__E)
                  000055a4    000002a8     rtsv7M4_T_le_v4SPD16_eabi.lib : mktime.obj (.text)
                  0000584c    00000284     stk6.aem4f : sock.oem4f (.text:SockSet)
                  00005ad0    00000254                : lli6.oem4f (.text:LLI6TimerCheck)
                  00005d24    00000004     os.aem4f : ossys.oem4f (.text:NDK_vsprintf)
                  00005d28    00000254     sysbios.aem4f : BIOS.obj (.text:ti_sysbios_heaps_HeapMem_free__E)
                  00005f7c    0000024c     stk6.aem4f : ipfrag.oem4f (.text:IPReasm)
                  000061c8    00000248     sysbios.aem4f : BIOS.obj (.text:ti_sysbios_heaps_HeapMem_alloc__E)
                  00006410    00000240     stk6.aem4f : icmpv6_ndisc.oem4f (.text:ICMPv6RecvRedirect)
                  00006650    0000023c                : icmpin.oem4f (.text:ICMPInput)
                  0000688c    00000238                : sock6.oem4f (.text:Sock6Set)
                  00006ac4    00000238                : udp.oem4f (.text:UdpInput)
                  00006cfc    00000218                : icmpv6_ndisc.oem4f (.text:ICMPv6RecvNS)
                  00006f14    00000204     driverlib.lib : sysctl.obj (.text:SysCtlClockFreqSet)
                  00007118    00000204     Boot.aem4f : Boot_sysctl.oem4f (.text:ti_catalog_arm_cortexm4_tiva_ce_Boot_sysCtlClockFreqSetI__I)
                  0000731c    00000004     stk6.aem4f : node.oem4f (.text:NodeSetRt)
                  00007320    000001fc     sysbios.aem4f : BIOS.obj (.text:ti_sysbios_family_arm_m3_Hwi_excHandlerMax__I)
                  0000751c    000001f6     stk6.aem4f : sock6.oem4f (.text:Sock6Recv)
                  00007712    000001f4                : sock.oem4f (.text:SockRecv)
                  00007906    000001f4     rtsv7M4_T_le_v4SPD16_eabi.lib : ull_div_t2.obj (.text)
                  00007afa    00000006     stk6.aem4f : bind6.oem4f (.text:Bind6SetLifetime)
                  00007b00    000001f4     sysbios.aem4f : BIOS.obj (.text:ti_sysbios_knl_Task_Instance_init__E)
                  00007cf4    000001e1     stk6.aem4f : icmpv6out.oem4f (.text:ICMPv6SendParameterProblem)
                  00007ed5    00000001     --HOLE-- [fill = 0]
                  00007ed6    00000002     hal_userled_stub.aem4f : llled.oem4f (.text:LED_TOGGLE)
                  00007ed8    000001d8     stk6.aem4f : icmpv6out.oem4f (.text:ICMPv6SendDstUnreachable)
                  000080b0    000001d8                : ipv6_frag.oem4f (.text:IPv6TxFragPacket)
                  00008288    000001d4     sysbios.aem4f : BIOS.obj (.text:ti_sysbios_knl_Task_sleep__E)
                  0000845c    000001d1     stk6.aem4f : icmpv6out.oem4f (.text:ICMPv6SendTimeExceeded)
                  0000862d    00000001     --HOLE-- [fill = 0]
                  0000862e    00000002                : nat.oem4f (.text:NatMsg)
                  00008630    000001c8                : ipv6out.oem4f (.text:IPv6TxPacket)
                  000087f8    000001bc                : icmpv6in.oem4f (.text:ICMPv6RxPacket)
                  000089b4    000001bc                : ipv6.oem4f (.text:IPv6IPAddressToString)
                  00008b70    000001b8     drivers_tivaware.aem4f : EMACSnow.oem4f (.text:EMACSnow_NIMUInit)
                  00008d28    000001b0     stk6.aem4f : lliout.oem4f (.text:LLITxIpPacket)
                  00008ed8    000001ac                : lliin.oem4f (.text:LLIRxPacket)
                  00009084    000001a8                : sock6pcb.oem4f (.text:Sock6PcbBind)
                  0000922c    000001a4     ti.mw.fatfs.aem4f : ff.oem4f (.text:f_write)
                  000093d0    0000019c     os.aem4f : mem.oem4f (.text:mmAlloc)
                  0000956c    00000198     stk6.aem4f : igmp.oem4f (.text:IGMPInput)
                  00009704    00000194                : udp6.oem4f (.text:Udp6Input)
                  00009898    00000190                : sock.oem4f (.text:SockNew)
                  00009a28    0000017c     sysbios.aem4f : BIOS.obj (.text:ti_sysbios_family_arm_lm4_TimestampProvider_get64__E)
                  00009ba4    00000178     stk6.aem4f : bind6.oem4f (.text:Bind6RunDAD)
                  00009d1c    00000178     netctrl_min.aem4f : netctrl.oem4f (.text:NC_NetStart)
                  00009e94    00000178     ti.mw.fatfs.aem4f : ff.oem4f (.text:f_read)
                  0000a00c    00000004     stk6.aem4f : rawethsock_prot.oem4f (.text:RawEthSockPrAttach)
                  0000a010    00000174     sysbios.aem4f : BIOS.obj (.text:ti_sysbios_family_arm_m3_Hwi_excBusFault__I)
                  0000a184    00000170     stk6.aem4f : rtc.oem4f (.text:RTCReport)
                  0000a2f4    0000016a                : sb.oem4f (.text:SBRead)
                  0000a45e    00000002     os.aem4f : task.oem4f (.text:_TaskInit)
                  0000a460    00000168     stk6.aem4f : sock6.oem4f (.text:Sock6New)
                  0000a5c8    00000168                : sock6pcb.oem4f (.text:Sock6PcbFind)
                  0000a730    00000166                : icmpv6_ndisc.oem4f (.text:ICMPv6RecvNA)
                  0000a896    00000164     ti.mw.fatfs.aem4f : ff.oem4f (.text:f_open)
                  0000a9fa    00000006     driverlib.lib : emac.obj (.text:EMACRxDMADescriptorListSet)
                  0000aa00    00000164     sysbios.aem4f : BIOS.obj (.text:ti_sysbios_family_arm_m3_Hwi_excUsageFault__I)
                  0000ab64    00000160     stk6.aem4f : sock.oem4f (.text:SockConnect)
                  0000acc4    0000015a     ti.mw.fatfs.aem4f : ff.oem4f (.text:f_lseek)
                  0000ae1e    00000002     os.aem4f : task.oem4f (.text:_TaskShutdown)
                  0000ae20    00000158     nettool.aem4f : dhcpmain.oem4f (.text:DHCPOpen)
                  0000af78    00000154     stk6.aem4f : route6.oem4f (.text:Rt6Find)
                  0000b0cc    00000154                : route6.oem4f (.text:Rt6Free)
                  0000b220    00000154                : sock6pcb.oem4f (.text:Sock6PcbResolve)
                  0000b374    00000004                : rawethsock_prot.oem4f (.text:RawEthSockPrDetach)
                  0000b378    00000148     sysbios.aem4f : BIOS.obj (.text:ti_sysbios_family_arm_m3_Hwi_excMemFault__I)
                  0000b4c0    00000144     stk6.aem4f : bind.oem4f (.text:BindNew)
                  0000b604    00000144                : icmpv6_ndisc.oem4f (.text:ICMPv6SendNS)
                  0000b748    00000140                : sock6.oem4f (.text:Sock6Send)
                  0000b888    00000140                : tcp6.oem4f (.text:TCP6TimeoutCheck)
                  0000b9c8    00000140                : tcp.oem4f (.text:TcpTimeoutCheck)
                  0000bb08    0000013c     nettool.aem4f : config.oem4f (.text:CfgAddEntry)
                  0000bc44    0000013c     stk6.aem4f : sock6int.oem4f (.text:Sock6Notify)
                  0000bd80    0000013c                : sockint.oem4f (.text:SockNotify)
                  0000bebc    0000013c                : sock.oem4f (.text:SockSend)
                  0000bff8    0000013c     sysbios.aem4f : BIOS.obj (.text:ti_sysbios_heaps_HeapMem_Instance_init__E)
                  0000c134    00000138     stk6.aem4f : bind6.oem4f (.text:Bind6Free)
                  0000c26c    00000138                : tcp6out.oem4f (.text:TCP6GenPacket)
                  0000c3a4    00000134                : icmp.oem4f (.text:ICMPGenPacket)
                  0000c4d8    00000134                : ipv6_frag.oem4f (.text:IPv6FragReasm)
                  0000c60c    00000130     driverlib.lib : gpio.obj (.text:GPIOPadConfigSet)
                  0000c73c    00000130     stk6.aem4f : icmpv6in.oem4f (.text:ICMPv6RecvEchoRequest)
                  0000c86c    00000004     os.aem4f : semaphore.oem4f (.text:SemPend)
                  0000c870    00000130     sysbios.aem4f : BIOS.obj (.text:ti_sysbios_knl_Task_setPri__E)
                  0000c9a0    00000124     stk6.aem4f : sockpcb.oem4f (.text:SockPcbResolve)
                  0000cac4    00000124                : udp.oem4f (.text:UdpOutput)
                  0000cbe8    00000124     empty_pem4f.oem4f (.text:ti_ndk_config_Global_stackThread)
                  0000cd0c    00000123     stk6.aem4f : lli6.oem4f (.text:LLI6TxIPPacket)
                  0000ce2f    00000001     --HOLE-- [fill = 0]
                  0000ce30    00000123     ti.mw.fatfs.aem4f : ff.oem4f (.text:create_name)
                  0000cf53    00000001     --HOLE-- [fill = 0]
                  0000cf54    00000122     stk6.aem4f : sb6.oem4f (.text:SB6Read)
                  0000d076    00000002     hal_ser_stub.aem4f : llserstb.oem4f (.text:_llSerialServiceCheck)
                  0000d078    00000120     empty_pem4f.oem4f (.text:ti_uia_loggers_LoggerRunMode_write8__E)
                  0000d198    00000118     stk6.aem4f : tcpout.oem4f (.text:TcpGenPacket)
                  0000d2b0    00000118     ti.targets.arm.rtsarm.aem4f : Error.oem4f (.text:xdc_runtime_Error_policyDefault__E)
                  0000d3c8    00000114     stk6.aem4f : icmpv6_ndisc.oem4f (.text:ICMPv6SendNA)
                  0000d4dc    00000114                : nimu.oem4f (.text:NIMUIoctl)
                  0000d5f0    00000114                : route6.oem4f (.text:Rt6Modify)
                  0000d704    00000114                : udp6.oem4f (.text:Udp6Output)
                  0000d818    00000114     empty_pem4f.oem4f (.text:ti_uia_loggers_LoggerRunMode_writeMemoryRange__E)
                  0000d92c    00000110     stk6.aem4f : node.oem4f (.text:NodeTreeFree)
                  0000da3c    00000110                : raw.oem4f (.text:RawInput)
                  0000db4c    0000010c                : rtable.oem4f (.text:RtFind)
                  0000dc58    0000010c     driverlib.lib : sysctl.obj (.text:SysCtlClockGet)
                  0000dd64    0000010a     stk6.aem4f : route.oem4f (.text:RtCreate)
                  0000de6e    00000002     hal_ser_stub.aem4f : llserstb.oem4f (.text:_llSerialShutdown)
                  0000de70    00000108     drivers_tivaware.aem4f : EMACSnow.oem4f (.text:EMACSnow_emacStart)
                  0000df78    00000108     hwIO.obj (.text:hwIO_init)
                  0000e080    00000108     sysbios.aem4f : BIOS.obj (.text:ti_sysbios_family_arm_lm4_Timer_start__E)
                  0000e188    00000108                   : BIOS.obj (.text:ti_sysbios_knl_Clock_Instance_init__E)
                  0000e290    00000108     empty_pem4f.oem4f (.text:ti_uia_loggers_LoggerRunMode_write4__E)
                  0000e398    00000104     os.aem4f : task.oem4f (.text:llEnter)
                  0000e49c    00000102     nettool.aem4f : dhcppkt.oem4f (.text:dhcpPacketProcess)
                  0000e59e    00000002     hal_userled_stub.aem4f : llled.oem4f (.text:_llUserLedInit)
                  0000e5a0    00000100     stk6.aem4f : igmp.oem4f (.text:IGMPSendReply)
                  0000e6a0    00000100     ti.targets.arm.rtsarm.aem4f : Core-mem.oem4f (.text:xdc_runtime_Core_createObject__I)
                  0000e7a0    000000fe     ti.mw.fatfs.aem4f : ff.oem4f (.text:f_rename)
                  0000e89e    00000002     hal_userled_stub.aem4f : llled.oem4f (.text:_llUserLedShutdown)
                  0000e8a0    000000fc     stk6.aem4f : mld.oem4f (.text:MLDJoinGroup)
                  0000e99c    000000fc     netctrl_min.aem4f : netctrl.oem4f (.text:NetScheduler)
                  0000ea98    000000fc     stk6.aem4f : raw6.oem4f (.text:Raw6Input)
                  0000eb94    000000fc     empty_pem4f.oem4f (.text:ti_uia_loggers_LoggerRunMode_write2__E)
                  0000ec90    000000fa     ti.mw.fatfs.aem4f : ff.oem4f (.text:dir_next)
                  0000ed8a    000000f8     stk6.aem4f : pipe.oem4f (.text:PipeRecv)
                  0000ee82    00000002     hal_ser_stub.aem4f : llserstb.oem4f (.text:llSerialService)
                  0000ee84    000000f8     stk6.aem4f : raw6.oem4f (.text:Raw6Output)
                  0000ef7c    000000f8                : sock6pcb.oem4f (.text:Sock6PcbFindRaw)
                  0000f074    000000f8                : udp6.oem4f (.text:processMulticast)
                  0000f16c    000000f8     empty_pem4f.oem4f (.text:ti_uia_loggers_LoggerRunMode_write1__E)
                  0000f264    000000f8     ti.targets.arm.rtsarm.aem4f : Startup.oem4f (.text:xdc_runtime_Startup_startMods__I)
                  0000f35c    000000f8     empty_pem4f.oem4f (.text:xdc_runtime_System_printfExtend__I)
                  0000f454    000000f4     stk6.aem4f : ipv6in.oem4f (.text:IPv6RxPacket)
                  0000f548    000000f4     os.aem4f : task.oem4f (.text:TaskGetEnv)
                  0000f63c    000000f4     sysbios.aem4f : m3_Hwi_asm.obj (.text:ti_sysbios_family_arm_m3_Hwi_dispatch__I)
                  0000f730    000000f0     stk6.aem4f : ipv6_frag.oem4f (.text:IPv6FragQEnqueueFrag)
                  0000f820    000000f0                : ipv6_frag.oem4f (.text:IPv6ParseFragHdr)
                  0000f910    000000f0                : lli6.oem4f (.text:LLI6New)
                  0000fa00    000000f0                : lliout.oem4f (.text:LLIGenArpPacket)
                  0000faf0    000000f0                : sock.oem4f (.text:SockClose)
                  0000fbe0    000000f0     empty_pem4f.oem4f (.text:ti_uia_loggers_LoggerRunMode_write0__E)
                  0000fcd0    000000ec     stk6.aem4f : lli6.oem4f (.text:LLI6NeighUnreachStateMachine)
                  0000fdbc    000000ec     empty.obj (.text:main)
                  0000fea8    000000ec     ti.mw.fatfs.aem4f : ff.oem4f (.text:put_fat)
                  0000ff94    00000004     os.aem4f : semaphore.oem4f (.text:SemPost)
                  0000ff98    000000ec     sysbios.aem4f : BIOS.obj (.text:ti_sysbios_knl_Semaphore_post__E)
                  00010084    00000004     os.aem4f : semaphore.oem4f (.text:SemReset)
                  00010088    000000ec     sysbios.aem4f : BIOS.obj (.text:ti_sysbios_knl_Task_postInit__I)
                  00010174    000000e8     os.aem4f : task.oem4f (.text:TaskSetEnv)
                  0001025c    000000e4     stk6.aem4f : sock6.oem4f (.text:Sock6Close)
                  00010340    000000e1                : nimu.oem4f (.text:NIMUReceivePacket)
                  00010421    00000001     --HOLE-- [fill = 0]
                  00010422    00000002     rtsv7M4_T_le_v4SPD16_eabi.lib : i_div0.obj (.text)
                  00010424    000000e0     stk6.aem4f : ipv6.oem4f (.text:IPv6DisplayIPAddress)
                  00010504    000000e0                : tcptime.oem4f (.text:TcpTimeoutRexmt)
                  000105e4    000000dc                : sb6.oem4f (.text:SB6Write)
                  000106c0    000000dc                : sb.oem4f (.text:SBWrite)
                  0001079c    000000dc     nettool.aem4f : dhcpsock.oem4f (.text:dhcpSocketOpen)
                  00010878    000000dc                   : dhcpsm.oem4f (.text:dhcpState)
                  00010954    000000d8     stk6.aem4f : node.oem4f (.text:NodeAdd)
                  00010a2c    000000d8                : tcp6prot.oem4f (.text:TCP6PrSetOption)
                  00010b04    000000d8                : tcp6time.oem4f (.text:TCP6TimeoutRexmt)
                  00010bdc    000000d8                : tcpprot.oem4f (.text:TcpPrSetOption)
                  00010cb4    00000004     os.aem4f : task.oem4f (.text:TaskSelf)
                  00010cb8    000000d8     sysbios.aem4f : BIOS.obj (.text:ti_sysbios_family_arm_lm4_TimestampProvider_get32__E)
                  00010d90    000000d6     ti.mw.fatfs.aem4f : ff.oem4f (.text:get_fat)
                  00010e66    00000002     empty_pem4f.oem4f (.text:ti_ndk_config_Global_NetworkClose)
                  00010e68    000000d4     drivers_tivaware.aem4f : EMACSnow.oem4f (.text:EMACSnow_handleRx)
                  00010f3c    000000d4     stk6.aem4f : ipv6_exthdrs.oem4f (.text:IPv6ParseHopOptions)
                  00011010    000000d4                : sockpcb.oem4f (.text:SockPcbBind)
                  000110e4    00000004     os.aem4f : task.oem4f (.text:TaskSetPri)
                  000110e8    000000d4     sysbios.aem4f : BIOS.obj (.text:ti_sysbios_knl_Swi_Instance_init__E)
                  000111bc    000000d0     stk6.aem4f : bind6.oem4f (.text:Bind6DADCheck)
                  0001128c    000000d0                : bind6.oem4f (.text:Bind6GetGlobalAddress)
                  0001135c    000000cc                : exec.oem4f (.text:ExecOpen)
                  00011428    000000cc                : icmp.oem4f (.text:ICMPSendRtAdv)
                  000114f4    000000cc     nettool.aem4f : dhcpbild.oem4f (.text:dhcpBuildHeader)
                  000115c0    000000cc                   : dhcpsm.oem4f (.text:dhcpIPAdd)
                  0001168c    000000cc                   : dhcppkt.oem4f (.text:dhcpVerifyMessage)
                  00011758    000000cc     ti.targets.arm.rtsarm.aem4f : Core-smem.oem4f (.text:xdc_runtime_Core_constructObject__I)
                  00011824    000000c8     stk6.aem4f : rawethsock.oem4f (.text:RawEthSockNew)
                  000118ec    000000c8     netctrl_min.aem4f : netsrv.oem4f (.text:SPIpNet)
                  000119b4    000000c8     stk6.aem4f : tcp6time.oem4f (.text:TCP6TimeoutKeep)
                  00011a7c    000000c4     drivers_tivaware.aem4f : EMACSnow.oem4f (.text:EMACSnow_InitDMADescriptors)
                  00011b40    000000c4     stk6.aem4f : igmp.oem4f (.text:IGMPJoinHostGroup)
                  00011c04    000000c4     nettool.aem4f : dhcpsm.oem4f (.text:StateBound)
                  00011cc8    000000c0     stk6.aem4f : ipv6_exthdrs.oem4f (.text:IPv6ParseExtnHeaders)
                  00011d88    000000c0                : sock6.oem4f (.text:joinGroup)
                  00011e48    000000bc                : sockpcb.oem4f (.text:SockPcbFind)
                  00011f04    000000bc                : vlan.oem4f (.text:VLANDeinit)
                  00011fc0    000000bc     sysbios.aem4f : BIOS.obj (.text:ti_sysbios_family_arm_m3_Hwi_excDebugMon__I)
                  0001207c    00000004     hal_ser_stub.aem4f : llserstb.oem4f (.text:_llSerialInit)
                  00012080    000000bc     sysbios.aem4f : BIOS.obj (.text:ti_sysbios_family_arm_m3_Hwi_excHardFault__I)
                  0001213c    000000b8     stk6.aem4f : icmpin.oem4f (.text:ICMPRevSrcRoute)
                  000121f4    000000b8                : socket.oem4f (.text:NDK_sendto)
                  000122ac    000000b8                : sock6pcb.oem4f (.text:Sock6PcbConnect)
                  00012364    000000b8                : lli.oem4f (.text:_LLITimeoutCheck)
                  0001241c    000000b8     ti.mw.fatfs.aem4f : ffcio.oem4f (.text:ffcio_open)
                  000124d4    00000004                       : ffosal.oem4f (.text:ff_rel_grant)
                  000124d8    000000b8     sysbios.aem4f : BIOS.obj (.text:ti_sysbios_knl_Task_exit__E)
                  00012590    000000b4     stk6.aem4f : sock6int.oem4f (.text:Sock6CreatePacket)
                  00012644    000000b4                : tcptime.oem4f (.text:TcpTimeoutKeep)
                  000126f8    000000b4     ti.mw.fatfs.aem4f : ff.oem4f (.text:sync_fs)
                  000127ac    00000004                       : diskio.oem4f (.text:get_fattime)
                  000127b0    000000b4     sysbios.aem4f : BIOS.obj (.text:ti_sysbios_gates_GateMutex_enter__E)
                  00012864    00000004     stk6.aem4f : listlib.oem4f (.text:list_get_head)
                  00012868    000000b4     sysbios.aem4f : BIOS.obj (.text:ti_sysbios_knl_Task_checkStacks__E)
                  0001291c    000000b0     stk6.aem4f : ipv6_exthdrs.oem4f (.text:IPv6ParseRoutingHdr)
                  000129cc    000000b0                : rawethsock.oem4f (.text:RawEthSockSet)
                  00012a7c    000000b0                : route6.oem4f (.text:Route6LifetimeMgmt)
                  00012b2c    00000004                : listlib.oem4f (.text:list_get_next)
                  00012b30    000000b0     sysbios.aem4f : BIOS.obj (.text:ti_sysbios_utils_Load_idleFxn__E)
                  00012be0    000000ac     stk6.aem4f : rtable.oem4f (.text:RtTimeoutCheck)
                  00012c8c    00000004     empty_pem4f.oem4f (.text:ti_sysbios_BIOS_RtsGateProxy_enter__E)
                  00012c90    000000ac     sysbios.aem4f : BIOS.obj (.text:ti_sysbios_family_arm_lm4_Timer_enableTiva__I)
                  00012d3c    000000aa     stk6.aem4f : icmpv6in.oem4f (.text:ICMPv6SocketErrorInterface)
                  00012de6    00000002     empty_pem4f.oem4f (.text:ti_ndk_config_Global_NetworkOpen)
                  00012de8    000000a8     stk6.aem4f : sockint.oem4f (.text:SockCreatePacket)
                  00012e90    000000a8     ti.mw.fatfs.aem4f : ff.oem4f (.text:create_chain)
                  00012f38    000000a4                       : ff.oem4f (.text:f_unlink)
                  00012fdc    000000a0     stk6.aem4f : ip.oem4f (.text:IPGetRoute)
                  0001307c    000000a0                : socket.oem4f (.text:NDK_setsockopt)
                  0001311c    000000a0     auto_init.aem4f : auto_init.oem4f (.text)
                  000131bc    000000a0     hwIO.obj (.text:writeMotA)
                  0001325c    000000a0     hwIO.obj (.text:writeMotB)
                  000132fc    000000a0     hwIO.obj (.text:writeMotC)
                  0001339c    000000a0     ti.targets.arm.rtsarm.aem4f : Text.oem4f (.text:xdc_runtime_Text_putMod__E)
                  0001343c    0000009e     stk6.aem4f : nimu.oem4f (.text:NIMUAddEthernetHeader)
                  000134da    0000009e     nettool.aem4f : dhcpbild.oem4f (.text:dhcpBuildRequest)
                  00013578    0000009c     ti.mw.fatfs.aem4f : ff.oem4f (.text:f_sync)
                  00013614    0000009c     rtsv7M4_T_le_v4SPD16_eabi.lib : memcpy_t2.obj (.text)
                  000136b0    0000009c     sysbios.aem4f : BIOS.obj (.text:ti_sysbios_knl_Semaphore_Instance_init__E)
                  0001374c    00000004     empty_pem4f.oem4f (.text:ti_sysbios_BIOS_RtsGateProxy_leave__E)
                  00013750    0000009c     sysbios.aem4f : BIOS.obj (.text:ti_sysbios_knl_Task_schedule__I)
                  000137ec    0000009a     ti.targets.arm.rtsarm.aem4f : Text.oem4f (.text:xdc_runtime_Text_putSite__E)
                  00013886    00000002     empty_pem4f.oem4f (.text:ti_ndk_config_global_taskCreateHook)
                  00013888    00000098     netctrl_min.aem4f : netctrl.oem4f (.text:NC_SystemOpen)
                  00013920    00000098                       : netsrv.oem4f (.text:ServiceScan)
                  000139b8    00000098     Boot.aem4f : Boot.oem4f (.text:ti_catalog_arm_cortexm4_tiva_ce_Boot_sysCtlClockFreqSet__E)
                  00013a50    00000098     ti.uia.loggers.aem4f : LoggerRunMode.oem4f (.text:ti_uia_loggers_LoggerRunMode_initQueueDescriptor__E)
                  00013ae8    00000094     nettool.aem4f : config.oem4f (.text:CfgRemoveEntry)
                  00013b7c    00000094     stk6.aem4f : ipv6.oem4f (.text:IPv6Init)
                  00013c10    00000094     sysbios.aem4f : BIOS.obj (.text:ti_sysbios_family_arm_m3_Hwi_Instance_init__E)
                  00013ca4    00000004                   : BIOS.obj (.text:ti_sysbios_family_arm_lm4_Timer_masterEnable__I)
                  00013ca8    00000094                   : BIOS.obj (.text:ti_sysbios_family_arm_m3_Hwi_initNVIC__E)
                  00013d3c    00000004     empty_pem4f.oem4f (.text:ti_sysbios_family_arm_m3_Hwi_delete)
                  00013d40    00000094     sysbios.aem4f : BIOS.obj (.text:ti_sysbios_utils_Load_updateLoads__E)
                  00013dd4    00000090     nettool.aem4f : config.oem4f (.text:CfgExecute)
                  00013e64    00000090     stk6.aem4f : igmp.oem4f (.text:IGMPMsg)
                  00013ef4    00000090     os.aem4f : mem.oem4f (.text:mmBulkAlloc)
                  00013f84    00000004     empty_pem4f.oem4f (.text:ti_sysbios_family_arm_m3_TaskSupport_Module__startupDone__S)
                  00013f88    00000090     sysbios.aem4f : BIOS.obj (.text:ti_sysbios_knl_Task_Module_startup__E)
                  00014018    00000090                   : BIOS.obj (.text:ti_sysbios_knl_Task_startCore__E)
                  000140a8    00000090     ti.uia.loggers.aem4f : LoggerRunMode.oem4f (.text:ti_uia_loggers_LoggerRunMode_reset__E)
                  00014138    0000008e     stk6.aem4f : fileuser.oem4f (.text:fdClose)
                  000141c6    00000002     empty_pem4f.oem4f (.text:ti_ndk_config_global_taskExitHook)
                  000141c8    0000008c     stk6.aem4f : ip.oem4f (.text:IPMsg)
                  00014254    0000008c                : ipv6_frag.oem4f (.text:IPv6FindFragQ)
                  000142e0    0000008c     os.aem4f : mem.oem4f (.text:_mmInit)
                  0001436c    0000008c     hwIO.obj (.text:getThermoTemp)
                  000143f8    0000008c     os.aem4f : mem.oem4f (.text:mmInitPage)
                  00014484    00000004     empty_pem4f.oem4f (.text:ti_sysbios_heaps_HeapMem_Module_GateProxy_enter__E)
                  00014488    0000008c     sysbios.aem4f : BIOS.obj (.text:ti_sysbios_family_arm_lm4_Timer_enableTimers__I)
                  00014514    0000008c                   : m3_TaskSupport_asm.obj (.text:ti_sysbios_family_arm_m3_TaskSupport_buildTaskStack)
                  000145a0    0000008c     ti.uia.loggers.aem4f : LoggerRunMode.oem4f (.text:ti_uia_loggers_LoggerRunMode_flush__E)
                  0001462c    0000008a     netctrl_min.aem4f : netsrv.oem4f (.text:SPRoute)
                  000146b6    00000002     empty_pem4f.oem4f (.text:ti_sysbios_BIOS_nullFunc__I)
                  000146b8    00000088     stk6.aem4f : pbm.oem4f (.text:PBM_free)
                  00014740    00000088     netctrl_min.aem4f : netsrv.oem4f (.text:ServiceSpawn)
                  000147c8    00000088     stk6.aem4f : sock6pcb.oem4f (.text:Sock6PcbResolveChain)
                  00014850    00000088                : sockpcb.oem4f (.text:SockPcbCtlError)
                  000148d8    00000086     nettool.aem4f : dhcpsm.oem4f (.text:StateRequesting)
                  0001495e    00000002     empty_pem4f.oem4f (.text:ti_uia_loggers_LoggerRunMode_setFilterLevel__E)
                  00014960    00000084     nettool.aem4f : config.oem4f (.text:CfgGetEntry)
                  000149e4    00000084     drivers_tivaware.aem4f : EMACSnow.oem4f (.text:EMACSnow_processPhyInterrupt)
                  00014a68    00000084     stk6.aem4f : tcp6prot.oem4f (.text:TCP6PrAttach)
                  00014aec    00000084                : tcpprot.oem4f (.text:TcpPrAttach)
                  00014b70    00000084     os.aem4f : mem.oem4f (.text:mmBulkFree)
                  00014bf4    00000084              : mem.oem4f (.text:mmFree)
                  00014c78    00000084     sysbios.aem4f : BIOS.obj (.text:ti_sysbios_family_arm_m3_Hwi_postInit__I)
                  00014cfc    00000082     stk6.aem4f : socket.oem4f (.text:NDK_recv)
                  00014d7e    00000082                : socket.oem4f (.text:NDK_socket)
                  00014e00    00000082     nettool.aem4f : dhcpsm.oem4f (.text:StateRenewRebind)
                  00014e82    00000002     ti.uia.loggers.aem4f : LoggerRunMode.oem4f (.text:ti_uia_loggers_LoggerRunMode_setPriority__E)
                  00014e84    00000080     drivers_tivaware.aem4f : EMACSnow.oem4f (.text:EMACSnow_emacStop)
                  00014f04    00000080                            : EMACSnow.oem4f (.text:EMACSnow_processPendingTx)
                  00014f84    00000080     stk6.aem4f : lli.oem4f (.text:LLINew)
                  00015004    00000080     netctrl_min.aem4f : netsrv.oem4f (.text:NS_BootTask)
                  00015084    00000080     stk6.aem4f : pbm.oem4f (.text:PBM_alloc)
                  00015104    00000080                : raw.oem4f (.text:RawOutput)
                  00015184    0000007f     empty_pem4f.oem4f (.text:ti_ndk_config_Global_NetworkIPAddr)
                  00015203    00000001     --HOLE-- [fill = 0]
                  00015204    0000007e     ti.mw.fatfs.aem4f : ff.oem4f (.text:dir_sdi)
                  00015282    00000002     empty_pem4f.oem4f (.text:xdc_runtime_Startup_reset__I)
                  00015284    0000007c     nettool.aem4f : config.oem4f (.text:CfgGetNextEntry)
                  00015300    0000007c     drivers_tivaware.aem4f : EMACSnow.oem4f (.text:EMACSnow_hwiIntFxn)
                  0001537c    0000007c     stk6.aem4f : igmp.oem4f (.text:IGMPDoMCast)
                  000153f8    0000007c                : igmp.oem4f (.text:IGMPJoin)
                  00015474    0000007c                : nimu.oem4f (.text:NIMURegister)
                  000154f0    0000007a     rtsv7M4_T_le_v4SPD16_eabi.lib : memset_t2.obj (.text)
                  0001556a    00000002     --HOLE-- [fill = 0]
                  0001556c    00000078     stk6.aem4f : bind6.oem4f (.text:Bind6LifetimeMgmt)
                  000155e4    00000078     driverlib.lib : emac.obj (.text:EMACInit)
                  0001565c    00000078     stk6.aem4f : socket.oem4f (.text:NDK_bind)
                  000156d4    00000078                : sb6.oem4f (.text:SB6New)
                  0001574c    00000078                : tcp6time.oem4f (.text:TCP6XmitTimer)
                  000157c4    00000078                : tcptime.oem4f (.text:TcpXmitTimer)
                  0001583c    00000078                : fileuser.oem4f (.text:fdOpenSession)
                  000158b4    00000078     os.aem4f : task.oem4f (.text:llExit)
                  0001592c    00000078     ti.uia.loggers.aem4f : LoggerRunMode.oem4f (.text:ti_uia_loggers_LoggerRunMode_Module_startup__E)
                  000159a4    00000076     stk6.aem4f : tcp6time.oem4f (.text:TCP6TimeoutSackRexmt)
                  00015a1a    00000076     ti.uia.loggers.aem4f : LoggerRunMode.oem4f (.text:ti_uia_loggers_LoggerRunMode_getContents__E)
                  00015a90    00000075     stk6.aem4f : tcptime.oem4f (.text:TcpTimeoutSackRexmt)
                  00015b05    00000003     --HOLE-- [fill = 0]
                  00015b08    00000074                : bind6.oem4f (.text:Bind6Msg)
                  00015b7c    00000074                : igmp.oem4f (.text:IGMPLeaveHostGroup)
                  00015bf0    00000074                : nimu.oem4f (.text:NIMUShutdown)
                  00015c64    00000074                : raweth.oem4f (.text:RawEthRxPacket)
                  00015cd8    00000074                : sock6pcb.oem4f (.text:Sock6CleanPcb)
                  00015d4c    00000074                : sockpcb.oem4f (.text:SockPcbConnect)
                  00015dc0    00000074     ti.mw.fatfs.aem4f : ff.oem4f (.text:check_fs)
                  00015e34    00000004     empty_pem4f.oem4f (.text:ti_sysbios_heaps_HeapMem_Module_GateProxy_leave__E)
                  00015e38    00000074     sysbios.aem4f : BIOS.obj (.text:ti_sysbios_knl_Clock_start__E)
                  00015eac    00000074     ti.uia.runtime.aem4f : QueueDescriptor.oem4f (.text:ti_uia_runtime_QueueDescriptor_addToList__E)
                  00015f20    00000072     os.aem4f : semaphore.oem4f (.text:SemCreateBinary)
                  00015f92    00000002     --HOLE-- [fill = 0]
                  00015f94    00000070     stk6.aem4f : exec.oem4f (.text:ExecClose)
                  00016004    00000070                : rtable.oem4f (.text:RtFlush)
                  00016074    00000070     netctrl_min.aem4f : netsrv.oem4f (.text:SPConfig)
                  000160e4    00000070     stk6.aem4f : sock6.oem4f (.text:Sock6Shutdown)
                  00016154    00000070                : sock.oem4f (.text:SockShutdown)
                  000161c4    00000070     nettool.aem4f : dhcptags.oem4f (.text:dhcpDecodeType)
                  00016234    00000070     empty_pem4f.oem4f (.text:ti_ndk_config_ip_init)
                  000162a4    0000006e     stk6.aem4f : rtable.oem4f (.text:RtWalkNext)
                  00016312    0000006e                : sockpcb.oem4f (.text:SockPcbFindRaw)
                  00016380    0000006d                : node.oem4f (.text:NodeNew)
                  000163ed    00000003     --HOLE-- [fill = 0]
                  000163f0    0000006d     ti.targets.arm.rtsarm.aem4f : System.oem4f (.text:xdc_runtime_System_formatNum__I)
                  0001645d    00000003     --HOLE-- [fill = 0]
                  00016460    0000006c     os.aem4f : ossys.oem4f (.text:DbgPrintf)
                  000164cc    0000006c     stk6.aem4f : node.oem4f (.text:NodeTreeNew)
                  00016538    0000006c                : udp.oem4f (.text:UdpChecksum)
                  000165a4    0000006c     hwIO.obj (.text:hwIO_init_PWM)
                  00016610    0000006c     sysbios.aem4f : BIOS.obj (.text:ti_sysbios_knl_Clock_workFunc__E)
                  0001667c    00000004     empty_pem4f.oem4f (.text:ti_sysbios_knl_Clock_TimerProxy_getMaxTicks__E)
                  00016680    0000006c     sysbios.aem4f : BIOS.obj (.text:ti_sysbios_knl_Swi_restoreHwi__E)
                  000166ec    0000006c     ti.uia.loggers.aem4f : LoggerRunMode.oem4f (.text:ti_uia_loggers_LoggerRunMode_exchange__E)
                  00016758    0000006c     ti.targets.arm.rtsarm.aem4f : Error.oem4f (.text:xdc_runtime_Error_print__E)
                  000167c4    0000006c                                 : Memory.oem4f (.text:xdc_runtime_Memory_alloc__E)
                  00016830    0000006a     stk6.aem4f : tcp6prot.oem4f (.text:TCP6PrInherit)
                  0001689a    0000006a                : tcpprot.oem4f (.text:TcpPrInherit)
                  00016904    0000006a     rtsv7M4_T_le_v4SPD16_eabi.lib : copy_decompress_rle.obj (.text)
                  0001696e    00000002     --HOLE-- [fill = 0]
                  00016970    00000068     stk6.aem4f : ipv6_frag.oem4f (.text:IPv6CreateFragQ)
                  000169d8    00000068                : pbm.oem4f (.text:PBM_open)
                  00016a40    00000068                : sock6int.oem4f (.text:Sock6ValidateRoute)
                  00016aa8    00000068                : rtable.oem4f (.text:_RtNodeInsert)
                  00016b10    00000068     rtsv7M4_T_le_v4SPD16_eabi.lib : trgmsg.obj (.text)
                  00016b78    00000066     stk6.aem4f : sock6.oem4f (.text:leaveGroup)
                  00016bde    00000066     ti.targets.arm.rtsarm.aem4f : Core-mem.oem4f (.text:xdc_runtime_Core_deleteObject__I)
                  00016c44    00000064     nettool.aem4f : config.oem4f (.text:CfgFree)
                  00016ca8    00000064     stk6.aem4f : ipv6_frag.oem4f (.text:IPv6FragMsg)
                  00016d0c    00000064                : pbm.oem4f (.text:PBMQ_enq)
                  00016d70    00000064                : sock6int.oem4f (.text:Sock6SpawnAbort)
                  00016dd4    00000064                : sockint.oem4f (.text:SockSpawnAbort)
                  00016e38    00000064     ti.mw.fatfs.aem4f : ff.oem4f (.text:follow_path)
                  00016e9c    00000064     hal_timer_bios.aem4f : lltimer.oem4f (.text:llTimerTick)
                  00016f00    00000064     sysbios.aem4f : BIOS.obj (.text:ti_sysbios_family_arm_lm4_Timer_Module_startup__E)
                  00016f64    00000064     empty_pem4f.oem4f (.text:ti_sysbios_family_arm_m3_Hwi_create)
                  00016fc8    00000064     sysbios.aem4f : BIOS.obj (.text:ti_sysbios_family_arm_m3_Hwi_dispatchC__I)
                  0001702c    00000064     stk6.aem4f : lliin.oem4f (.text:updateRtTable)
                  00017090    00000062                : ipin.oem4f (.text:IPRouteIP)
                  000170f2    00000062                : mld.oem4f (.text:MLDLeaveGroup)
                  00017154    00000062                : sb.oem4f (.text:SBNew)
                  000171b6    00000002     --HOLE-- [fill = 0]
                  000171b8    00000060     nettool.aem4f : config.oem4f (.text:CfgGetEntryCnt)
                  00017218    00000060     stk6.aem4f : file.oem4f (.text:FdWaitEvent)
                  00017278    00000060                : icmpv6_ndisc.oem4f (.text:ICMPv6RecvRS)
                  000172d8    00000060                : nimu.oem4f (.text:NIMUUnregister)
                  00017338    00000060                : node.oem4f (.text:NodeFind)
                  00017398    00000060                : rtc.oem4f (.text:RTCMsg)
                  000173f8    00000060                : route6.oem4f (.text:Rt6FindDefaultRouter)
                  00017458    00000060                : sock6.oem4f (.text:Sock6Disconnect)
                  000174b8    00000060                : tcp.oem4f (.text:TcpChecksum)
                  00017518    00000060     nettool.aem4f : dhcptags.oem4f (.text:dhcpBuildOptions)
                  00017578    00000060     empty_pem4f.oem4f (.text:ti_ndk_config_Global_serviceReport)
                  000175d8    00000060     ti.uia.loggers.aem4f : LoggerRunMode.oem4f (.text:ti_uia_loggers_LoggerRunMode_isUploadRequired__E)
                  00017638    0000005e     stk6.aem4f : route.oem4f (.text:RtRemove)
                  00017696    0000005e     nettool.aem4f : dhcpsm.oem4f (.text:StateSelecting)
                  000176f4    0000005e     stk6.aem4f : vlan.oem4f (.text:VLANReceivePacket)
                  00017752    0000005e     ti.mw.fatfs.aem4f : ff.oem4f (.text:remove_chain)
                  000177b0    0000005c     nettool.aem4f : config.oem4f (.text:CfgSetExecuteOrder)
                  0001780c    0000005c     stk6.aem4f : nimu.oem4f (.text:NIMUIoctlSpecialCmd)
                  00017868    0000005c     netctrl_min.aem4f : netsrv.oem4f (.text:SPService)
                  000178c4    0000005c     hwIO.obj (.text:axisA_enc_ISR)
                  00017920    0000005c     empty_pem4f.oem4f (.text:ti_sysbios_knl_Swi_create)
                  0001797c    00000004     empty_pem4f.oem4f (.text:ti_sysbios_knl_Clock_TimerProxy_getPeriod__E)
                  00017980    0000005c     sysbios.aem4f : BIOS.obj (.text:ti_sysbios_knl_Swi_run__I)
                  000179dc    00000004     empty_pem4f.oem4f (.text:ti_sysbios_knl_Queue_destruct)
                  000179e0    0000005c     sysbios.aem4f : BIOS.obj (.text:ti_sysbios_knl_Swi_schedule__I)
                  00017a3c    0000005c     empty_pem4f.oem4f (.text:ti_sysbios_knl_Task_create)
                  00017a98    0000005c     sysbios.aem4f : BIOS.obj (.text:ti_sysbios_knl_Task_unblockI__E)
                  00017af4    0000005b     ti.targets.arm.rtsarm.aem4f : Text.oem4f (.text:xdc_runtime_Text_putLab__E)
                  00017b4f    00000001     --HOLE-- [fill = 0]
                  00017b50    0000005a     stk6.aem4f : ipv6.oem4f (.text:IPv6GetSubnetMaskFromBits)
                  00017baa    0000005a                : lli6.oem4f (.text:LLI6Update)
                  00017c04    0000005a                : route.oem4f (.text:RtRedirect)
                  00017c5e    0000005a                : tcpprot.oem4f (.text:TcpValidateMetrics)
                  00017cb8    0000005a     nettool.aem4f : dhcpbild.oem4f (.text:dhcpBuildDecline)
                  00017d12    0000005a     os.aem4f : mem.oem4f (.text:mmCopy)
                  00017d6c    00000058     stk6.aem4f : bind6.oem4f (.text:Bind6GetLinkLocalAddress)
                  00017dc4    00000058                : bind.oem4f (.text:BindFree)
                  00017e1c    00000058     boot.aem4f : boot.oem4f (.text)
                  00017e74    00000058     driverlib.lib : emac.obj (.text:EMACPHYConfigSet)
                  00017ecc    00000058     stk6.aem4f : igmp.oem4f (.text:IGMPTimer)
                  00017f24    00000058                : lli6.oem4f (.text:LLI6Find)
                  00017f7c    00000058     os.aem4f : semaphore.oem4f (.text:SemCreate)
                  00017fd4    00000058     hwIO.obj (.text:hwIO_init_portB)
                  0001802c    00000058     hwIO.obj (.text:hwIO_init_portD)
                  00018084    00000058     sysbios.aem4f : m3_Hwi_asm_switch.obj (.text:ti_sysbios_family_arm_m3_Hwi_initStacks__E)
                  000180dc    00000056     driverlib.lib : gpio.obj (.text:GPIOIntTypeSet)
                  00018132    00000056     stk6.aem4f : ipv6.oem4f (.text:IPv6Layer4ComputeChecksum)
                  00018188    00000056     ti.mw.fatfs.aem4f : ff.oem4f (.text:dir_read)
                  000181de    00000056     empty_pem4f.oem4f (.text:ti_ndk_config_tcp_init)
                  00018234    00000054     nettool.aem4f : config.oem4f (.text:CfgEntryDeRef)
                  00018288    00000054     stk6.aem4f : igmp.oem4f (.text:IGMPLeave)
                  000182dc    00000054                : rawethsock_pcb.oem4f (.text:RawEthSockPcbAttach)
                  00018330    00000054                : sockpcb.oem4f (.text:SockCleanPcb)
                  00018384    00000054                : tcp6time.oem4f (.text:TCP6TimeoutPersist)
                  000183d8    00000054                : tcptime.oem4f (.text:TcpTimeoutPersist)
                  0001842c    00000054                : bind6.oem4f (.text:_Bind6FindByHostInList)
                  00018480    00000054                : bind6.oem4f (.text:_Bind6FindByNetInList)
                  000184d4    00000054     ti.mw.fatfs.aem4f : ff.oem4f (.text:sync_window)
                  00018528    00000054     sysbios.aem4f : BIOS.obj (.text:ti_sysbios_knl_Swi_Instance_finalize__E)
                  0001857c    00000054     empty_pem4f.oem4f (.text:ti_sysbios_knl_Task_construct)
                  000185d0    00000054     ti.targets.arm.rtsarm.aem4f : Assert.oem4f (.text:xdc_runtime_Assert_raise__I)
                  00018624    00000052     stk6.aem4f : tcp6prot.oem4f (.text:TCP6PrDetach)
                  00018676    00000052                : tcpprot.oem4f (.text:TcpPrDetach)
                  000186c8    00000050                : icmpv6out.oem4f (.text:IsICMPv6ErrorPkt)
                  00018718    00000050                : route.oem4f (.text:RtNew)
                  00018768    00000050     driverlib.lib : sysctl.obj (.text:SysCtlPeripheralReset)
                  000187b8    00000050     Boot.aem4f : Boot_sysctl.oem4f (.text:_SysCtlFrequencyGet)
                  00018808    00000050     hwIO.obj (.text:hwIO_init_Thermo)
                  00018858    00000050     sysbios.aem4f : BIOS.obj (.text:ti_sysbios_family_arm_m3_Hwi_Module_startup__E)
                  000188a8    00000050     ti.targets.arm.rtsarm.aem4f : Startup.oem4f (.text:xdc_runtime_Startup_exec__E)
                  000188f8    00000050                                 : Text.oem4f (.text:xdc_runtime_Text_visitRope2__I)
                  00018948    0000004e     stk6.aem4f : node.oem4f (.text:NodeDeRef)
                  00018996    0000004e     nettool.aem4f : config.oem4f (.text:_CfgEntryScan)
                  000189e4    0000004e     hwIO.obj (.text:hwIO_init_portA)
                  00018a32    00000002     --HOLE-- [fill = 0]
                  00018a34    0000004c     stk6.aem4f : mld.oem4f (.text:MLDFindMulticastNode)
                  00018a80    0000004c     nettool.aem4f : ipaddr.oem4f (.text:NtAddNetwork)
                  00018acc    0000004c     stk6.aem4f : sockint.oem4f (.text:SockValidateRoute)
                  00018b18    0000004c                : file.oem4f (.text:fdint_lockfd)
                  00018b64    0000004c     rtsv7M4_T_le_v4SPD16_eabi.lib : cpy_tbl.obj (.text)
                  00018bb0    0000004c                                   : localtim.obj (.text)
                  00018bfc    0000004c     empty_pem4f.oem4f (.text:ti_mw_fatfs_startup)
                  00018c48    0000004c     sysbios.aem4f : BIOS.obj (.text:ti_sysbios_heaps_HeapMem_getStats__E)
                  00018c94    00000004     empty_pem4f.oem4f (.text:ti_sysbios_knl_Semaphore_delete)
                  00018c98    0000004c     sysbios.aem4f : BIOS.obj (.text:ti_sysbios_knl_Swi_runLoop__I)
                  00018ce4    00000004     empty_pem4f.oem4f (.text:ti_sysbios_knl_Semaphore_destruct)
                  00018ce8    0000004c     sysbios.aem4f : BIOS.obj (.text:ti_sysbios_knl_Task_allBlockedFunction__I)
                  00018d34    0000004a     netctrl_min.aem4f : netsrv.oem4f (.text:ServiceKill)
                  00018d7e    0000004a     stk6.aem4f : sock.oem4f (.text:SockDisconnect)
                  00018dc8    0000004a                : tcp6prot.oem4f (.text:TCP6ValidateMetrics)
                  00018e12    00000002     --HOLE-- [fill = 0]
                  00018e14    0000004a                : timer.oem4f (.text:TimerNew)
                  00018e5e    00000048     nettool.aem4f : config.oem4f (.text:CfgNew)
                  00018ea6    00000002     --HOLE-- [fill = 0]
                  00018ea8    00000048     driverlib.lib : gpio.obj (.text:GPIOPinConfigure)
                  00018ef0    00000048     stk6.aem4f : lli.oem4f (.text:LLIMsg)
                  00018f38    00000048                : mld.oem4f (.text:MLDCreateMulticastNode)
                  00018f80    00000048                : node.oem4f (.text:NodeWalk)
                  00018fc8    00000048                : pbm.oem4f (.text:PBM_copy)
                  00019010    00000048                : rawethsock_pcb.oem4f (.text:RawEthSockPcbDetach)
                  00019058    00000048                : sockpcb.oem4f (.text:SockPcbResolveChain)
                  000190a0    00000048                : tcp6prot.oem4f (.text:TCP6Drop)
                  000190e8    00000048                : tcpprot.oem4f (.text:TcpDrop)
                  00019130    00000048                : lli.oem4f (.text:_LLIExpListInsert)
                  00019178    00000048                : rtable.oem4f (.text:_RtExpListInsert)
                  000191c0    00000048     driverlib.lib : sysctl.obj (.text:_SysCtlFrequencyGet)
                  00019208    00000048     ti.mw.fatfs.aem4f : ff.oem4f (.text:dir_find)
                  00019250    00000048     stk6.aem4f : file.oem4f (.text:fdint_unlockfd)
                  00019298    00000048     hwIO.obj (.text:hwIO_init_portH)
                  000192e0    00000048     hwIO.obj (.text:hwIO_init_portM)
                  00019328    00000048     sysbios.aem4f : BIOS.obj (.text:ti_sysbios_family_arm_m3_Hwi_disableInterrupt__E)
                  00019370    00000048                   : BIOS.obj (.text:ti_sysbios_family_arm_m3_Hwi_enableInterrupt__E)
                  000193b8    00000048                   : BIOS.obj (.text:ti_sysbios_family_arm_m3_Hwi_excReserved__I)
                  00019400    00000048                   : BIOS.obj (.text:ti_sysbios_knl_Task_deleteTerminatedTasksFunc__I)
                  00019448    00000046     nettool.aem4f : ipaddr.oem4f (.text:NtIfIdx2Ip)
                  0001948e    00000046     stk6.aem4f : sock6.oem4f (.text:Sock6Bind)
                  000194d4    00000046                : tcp6prot.oem4f (.text:TCP6PrCtlError)
                  0001951a    00000046                : tcpprot.oem4f (.text:TcpPrCtlError)
                  00019560    00000046     os.aem4f : mem.oem4f (.text:mmZeroInit)
                  000195a6    00000046     ti.targets.arm.rtsarm.aem4f : Core-params.oem4f (.text:xdc_runtime_Core_assignParams__I)
                  000195ec    00000044     drivers_tivaware.aem4f : EMACSnow.oem4f (.text:EMACSnow_processTransmitted)
                  00019630    00000044     stk6.aem4f : icmp.oem4f (.text:ICMPChecksum)
                  00019674    00000044                : ipfrag.oem4f (.text:IPReasmFree)
                  000196b8    00000044                : lli.oem4f (.text:LLIGetValidTime)
                  000196fc    00000044                : rtable.oem4f (.text:RouteMsg)
                  00019740    00000044                : rtable.oem4f (.text:RtWalkEnd)
                  00019784    00000044                : sockpcb.oem4f (.text:SockPcbDetach)
                  000197c8    00000044                : timer.oem4f (.text:TimerListInsert)
                  0001980c    00000044     ti.mw.fatfs.aem4f : ff.oem4f (.text:dir_alloc)
                  00019850    00000044     hal_timer_bios.aem4f : lltimer.oem4f (.text:llTimerGetTime)
                  00019894    00000044     rtsv7M4_T_le_v4SPD16_eabi.lib : exit.obj (.text)
                  000198d8    00000044     sysbios.aem4f : BIOS.obj (.text:ti_sysbios_family_arm_lm4_Timer_isrStub__E)
                  0001991c    00000004     empty_pem4f.oem4f (.text:ti_sysbios_knl_Swi_delete)
                  00019920    00000044     sysbios.aem4f : BIOS.obj (.text:ti_sysbios_family_arm_m3_Hwi_getStackInfo__E)
                  00019964    00000004     empty_pem4f.oem4f (.text:ti_sysbios_knl_Task_delete)
                  00019968    00000044     sysbios.aem4f : BIOS.obj (.text:ti_sysbios_knl_Swi_post__E)
                  000199ac    00000044     ti.uia.loggers.aem4f : LoggerRunMode.oem4f (.text:ti_uia_loggers_LoggerRunMode_initBuffer__E)
                  000199f0    00000044     ti.targets.arm.rtsarm.aem4f : Error.oem4f (.text:xdc_runtime_Error_setX__E)
                  00019a34    00000044                                 : SysMin.oem4f (.text:xdc_runtime_SysMin_flush__E)
                  00019a78    00000044                                 : Text.oem4f (.text:xdc_runtime_Text_xprintf__I)
                  00019abc    00000042     stk6.aem4f : tcp6prot.oem4f (.text:TCP6PrSendOOB)
                  00019afe    00000042                : tcpprot.oem4f (.text:TcpPrSendOOB)
                  00019b40    00000042                : fileuser.oem4f (.text:fdCloseSession)
                  00019b82    00000002     --HOLE-- [fill = 0]
                  00019b84    00000040                : ipv6_frag.oem4f (.text:IPv6ReasmTimeout)
                  00019bc4    00000040                : lli6.oem4f (.text:LLI6Msg)
                  00019c04    00000040                : lliin.oem4f (.text:LLIValidateRoute)
                  00019c44    00000040                : route6.oem4f (.text:Route6Msg)
                  00019c84    00000040                : sockpcb.oem4f (.text:SockPcbRtChange)
                  00019cc4    00000040                : tcp6prot.oem4f (.text:TCP6PrSend)
                  00019d04    00000040                : tcpprot.oem4f (.text:TcpPrSend)
                  00019d44    00000040     ti.mw.fatfs.aem4f : ff.oem4f (.text:get_ldnumber)
                  00019d84    00000040     hwIO.obj (.text:hwIO_init_portQ)
                  00019dc4    00000040     rtsv7M4_T_le_v4SPD16_eabi.lib : u_divt2.obj (.text)
                  00019e04    00000004     empty_pem4f.oem4f (.text:ti_uia_loggers_LoggerRunMode_getFilterLevel__E)
                  00019e08    00000040     sysbios.aem4f : BIOS.obj (.text:ti_sysbios_family_arm_lm4_Timer_startup__E)
                  00019e48    0000003e     nettool.aem4f : dhcpmain.oem4f (.text:DHCPClose)
                  00019e86    00000002     --HOLE-- [fill = 0]
                  00019e88    0000003e     stk6.aem4f : nimu.oem4f (.text:NIMUAllocateName)
                  00019ec6    0000003e                : tcp6prot.oem4f (.text:TCP6PrDisconnect)
                  00019f04    0000003e     os.aem4f : task.oem4f (.text:TaskCreate)
                  00019f42    0000003e     stk6.aem4f : tcpprot.oem4f (.text:TcpPrDisconnect)
                  00019f80    0000003c     nettool.aem4f : config.oem4f (.text:CfgEntryGetData)
                  00019fbc    0000003c     driverlib.lib : emac.obj (.text:EMACIntDisable)
                  00019ff8    0000003c     stk6.aem4f : icmpv6in.oem4f (.text:ICMPv6RecvDstUnreachable)
                  0001a034    0000003c                : node.oem4f (.text:NodeUpdatePL)
                  0001a070    0000003c                : rtable.oem4f (.text:RtWalkBegin)
                  0001a0ac    0000003c     driverlib.lib : ssi.obj (.text:SSIConfigSetExpClk)
                  0001a0e8    0000003c     stk6.aem4f : tcp6prot.oem4f (.text:TCP6PrConnect)
                  0001a124    0000003c                : tcp6time.oem4f (.text:TCP6SetPersist)
                  0001a160    0000003c                : tcpprot.oem4f (.text:TcpPrConnect)
                  0001a19c    0000003c                : tcptime.oem4f (.text:TcpSetPersist)
                  0001a1d8    0000003c                : rtc.oem4f (.text:_RTCSendRtAdv)
                  0001a214    0000003c                : rtable.oem4f (.text:_RtNodeRemove)
                  0001a250    0000003c     hal_timer_bios.aem4f : lltimer.oem4f (.text:_llTimerInit)
                  0001a28c    00000004     ti.uia.loggers.aem4f : LoggerRunMode.oem4f (.text:ti_uia_loggers_LoggerRunMode_getInstanceId__E)
                  0001a290    0000003c     sysbios.aem4f : BIOS.obj (.text:ti_sysbios_family_arm_m3_Hwi_excSvCall__I)
                  0001a2cc    00000004     ti.uia.loggers.aem4f : LoggerRunMode.oem4f (.text:ti_uia_loggers_LoggerRunMode_getMaxLength__E)
                  0001a2d0    0000003c     sysbios.aem4f : BIOS.obj (.text:ti_sysbios_heaps_HeapMem_init__I)
                  0001a30c    00000004     ti.uia.loggers.aem4f : LoggerRunMode.oem4f (.text:ti_uia_loggers_LoggerRunMode_getPriority__E)
                  0001a310    0000003c     sysbios.aem4f : BIOS.obj (.text:ti_sysbios_knl_Swi_restore__E)
                  0001a34c    0000003a     driverlib.lib : emac.obj (.text:EMACIntEnable)
                  0001a386    00000002     --HOLE-- [fill = 0]
                  0001a388    00000038                   : emac.obj (.text:EMACConfigGet)
                  0001a3c0    00000038     stk6.aem4f : ipfrag.oem4f (.text:IPReasmTimeout)
                  0001a3f8    00000038                : node.oem4f (.text:NodeGetRt)
                  0001a430    00000038                : sock6pcb.oem4f (.text:Sock6PcbRtChange)
                  0001a468    00000038     driverlib.lib : sysctl.obj (.text:SysCtlPeripheralReady)
                  0001a4a0    00000038     stk6.aem4f : tcp6prot.oem4f (.text:TCP6Close)
                  0001a4d8    00000038                : tcpprot.oem4f (.text:TcpClose)
                  0001a510    00000038                : timer.oem4f (.text:TimerHSTick)
                  0001a548    00000038     nettool.aem4f : dhcpbild.oem4f (.text:dhcpBuildDiscover)
                  0001a580    00000038                   : dhcptags.oem4f (.text:dhcpOptionsClear)
                  0001a5b8    00000038     ti.mw.fatfs.aem4f : ff.oem4f (.text:dir_register)
                  0001a5f0    00000038     stk6.aem4f : file.oem4f (.text:fdint_waitevent)
                  0001a628    00000038     hwIO.obj (.text:hwIO_init_portE)
                  0001a660    00000038     hwIO.obj (.text:hwIO_init_portN)
                  0001a698    00000038     hwIO.obj (.text:hwIO_init_portP)
                  0001a6d0    00000038     hwIO.obj (.text:setStatusLEDs)
                  0001a708    00000038     sysbios.aem4f : BIOS.obj (.text:ti_sysbios_family_arm_m3_Hwi_excNoIsr__I)
                  0001a740    00000038     empty_pem4f.oem4f (.text:ti_sysbios_knl_Clock_create)
                  0001a778    00000038     sysbios.aem4f : BIOS.obj (.text:ti_sysbios_knl_Task_processVitalTaskFlag__I)
                  0001a7b0    00000038     ti.targets.arm.rtsarm.aem4f : SysMin.oem4f (.text:xdc_runtime_SysMin_putch__E)
                  0001a7e8    00000038                                 : System.oem4f (.text:xdc_runtime_System_atexit__E)
                  0001a820    00000036     stk6.aem4f : ip.oem4f (.text:IPChecksum)
                  0001a856    00000036                : sock6.oem4f (.text:Sock6IntAbort)
                  0001a88c    00000036     ti.mw.fatfs.aem4f : ff.oem4f (.text:move_window)
                  0001a8c2    00000036     empty_pem4f.oem4f (.text:ti_mw_fatfs_getFatTime)
                  0001a8f8    00000034     nettool.aem4f : config.oem4f (.text:CfgSetService)
                  0001a92c    00000034     driverlib.lib : emac.obj (.text:EMACConfigSet)
                  0001a960    00000034                   : emac.obj (.text:EMACIntClear)
                  0001a994    00000034     drivers_tivaware.aem4f : EMACSnow.oem4f (.text:EMACSnow_emacPoll)
                  0001a9c8    00000034                            : EMACSnow.oem4f (.text:EMACSnow_isLinkUp)
                  0001a9fc    00000034     stk6.aem4f : ipv6out.oem4f (.text:IPv6GetRoute)
                  0001aa30    00000034                : nimu.oem4f (.text:NIMUFindByName)
                  0001aa64    00000034                : nimu.oem4f (.text:NIMUInit)
                  0001aa98    00000034                : rawethsock.oem4f (.text:RawEthSockNotify)
                  0001aacc    00000034                : sockprot.oem4f (.text:SockPrCtlError)
                  0001ab00    00000034     driverlib.lib : sysctl.obj (.text:SysCtlPeripheralEnable)
                  0001ab34    00000034     ti.mw.fatfs.aem4f : ff.oem4f (.text:dir_remove)
                  0001ab68    00000034                       : ffcio.oem4f (.text:ffcio_lseek)
                  0001ab9c    00000034     os.aem4f : mem.oem4f (.text:mmUnInitPage)
                  0001abd0    00000034     sysbios.aem4f : BIOS.obj (.text:ti_sysbios_family_arm_m3_Hwi_Instance_finalize__E)
                  0001ac04    00000004     ti.uia.loggers.aem4f : LoggerRunMode.oem4f (.text:ti_uia_loggers_LoggerRunMode_getTransferType__E)
                  0001ac08    00000034     sysbios.aem4f : BIOS.obj (.text:ti_sysbios_family_arm_m3_Hwi_excNmi__I)
                  0001ac3c    00000004     ti.targets.arm.rtsarm.aem4f : Error.oem4f (.text:xdc_runtime_Error_getMsg__E)
                  0001ac40    00000034     sysbios.aem4f : BIOS.obj (.text:ti_sysbios_hal_Hwi_checkStack)
                  0001ac74    00000034     empty_pem4f.oem4f (.text:ti_sysbios_knl_Semaphore_create)
                  0001aca8    00000034     ti.mw.fatfs.aem4f : ff.oem4f (.text:validate)
                  0001acdc    00000034     ti.targets.arm.rtsarm.aem4f : Core-label.oem4f (.text:xdc_runtime_Core_assignLabel__I)
                  0001ad10    00000033                                 : Text.oem4f (.text:xdc_runtime_Text_printVisFxn__I)
                  0001ad43    00000001     --HOLE-- [fill = 0]
                  0001ad44    00000032     nettool.aem4f : config.oem4f (.text:CfgGetImmediate)
                  0001ad76    00000032     stk6.aem4f : route.oem4f (.text:RtDeRef)
                  0001ada8    00000032                : route.oem4f (.text:RtSetFailure)
                  0001adda    00000032                : sb6.oem4f (.text:SB6Flush)
                  0001ae0c    00000032                : sb6.oem4f (.text:SB6SetMax)
                  0001ae3e    00000032                : sb.oem4f (.text:SBFlush)
                  0001ae70    00000032                : sb.oem4f (.text:SBSetMax)
                  0001aea2    00000032                : sock.oem4f (.text:SockIntAbort)
                  0001aed4    00000032     nettool.aem4f : config.oem4f (.text:_CfgAcquire)
                  0001af06    00000032                   : dhcpsm.oem4f (.text:dhcpIPRemove)
                  0001af38    00000032     sysbios.aem4f : BIOS.obj (.text:ti_sysbios_hal_Hwi_initStack)
                  0001af6a    00000006     driverlib.lib : emac.obj (.text:EMACTxDMADescriptorListSet)
                  0001af70    00000032     sysbios.aem4f : BIOS.obj (.text:ti_sysbios_knl_Semaphore_pendTimeout__I)
                  0001afa2    00000002     --HOLE-- [fill = 0]
                  0001afa4    00000030     stk6.aem4f : bind6.oem4f (.text:Bind6FindByHost)
                  0001afd4    00000030                : bind6.oem4f (.text:Bind6FindByNet)
                  0001b004    00000030     driverlib.lib : emac.obj (.text:EMACAddrSet)
                  0001b034    00000030     drivers_tivaware.aem4f : EMACSnow.oem4f (.text:EMACSnow_handlePackets)
                  0001b064    00000030     netctrl_min.aem4f : netsrv.oem4f (.text:NS_PreBoot)
                  0001b094    00000030     stk6.aem4f : sock6pcb.oem4f (.text:Sock6PcbDetach)
                  0001b0c4    00000030                : sock.oem4f (.text:SockBind)
                  0001b0f4    00000030     nettool.aem4f : dhcpsock.oem4f (.text:dhcpPacketSend)
                  0001b124    00000030     hwIO.obj (.text:hwIO_init_portF)
                  0001b154    00000030     stk6.aem4f : listlib.oem4f (.text:list_remove_node)
                  0001b184    00000030     rtsv7M4_T_le_v4SPD16_eabi.lib : strncpy.obj (.text)
                  0001b1b4    00000030     empty_pem4f.oem4f (.text:ti_sysbios_BIOS_atExitFunc__I)
                  0001b1e4    00000004     ti.targets.arm.rtsarm.aem4f : Error.oem4f (.text:xdc_runtime_Error_getSite__E)
                  0001b1e8    00000030     sysbios.aem4f : BIOS.obj (.text:ti_sysbios_family_arm_lm4_Timer_stop__E)
                  0001b218    00000030                   : BIOS.obj (.text:ti_sysbios_family_arm_m3_TaskSupport_start__E)
                  0001b248    00000030     empty_pem4f.oem4f (.text:ti_sysbios_gates_GateHwi_Object__create__S)
                  0001b278    00000030     empty_pem4f.oem4f (.text:ti_sysbios_gates_GateMutex_Object__create__S)
                  0001b2a8    00000030     empty_pem4f.oem4f (.text:ti_sysbios_heaps_HeapMem_Object__create__S)
                  0001b2d8    00000030     empty_pem4f.oem4f (.text:ti_sysbios_knl_Semaphore_construct)
                  0001b308    00000030     sysbios.aem4f : BIOS.obj (.text:ti_sysbios_utils_Load_updateCurrentThreadTime__E)
                  0001b338    00000030     empty_pem4f.oem4f (.text:ti_uia_loggers_LoggerRunMode_Object__create__S)
                  0001b368    00000030     ti.uia.loggers.aem4f : LoggerRunMode.oem4f (.text:ti_uia_loggers_LoggerRunMode_idleHook__E)
                  0001b398    00000030     ti.targets.arm.rtsarm.aem4f : SysMin.oem4f (.text:xdc_runtime_SysMin_abort__E)
                  0001b3c8    00000030                                 : System.oem4f (.text:xdc_runtime_System_processAtExit__E)
                  0001b3f8    0000002e     stk6.aem4f : icmpv6in.oem4f (.text:ICMPv6RecvParamProblem)
                  0001b426    0000002e                : sb.oem4f (.text:SBFree)
                  0001b454    0000002c     driverlib.lib : emac.obj (.text:EMACIntStatus)
                  0001b480    0000002c     stk6.aem4f : file.oem4f (.text:FdSignalEvent)
                  0001b4ac    0000002c                : igmp.oem4f (.text:IGMPTestGroup)
                  0001b4d8    0000002c                : lli6.oem4f (.text:LLI6Free)
                  0001b504    0000002c     os.aem4f : task.oem4f (.text:NDK_hookCreate)
                  0001b530    0000002c     stk6.aem4f : nimu.oem4f (.text:NIMUAllocateIndex)
                  0001b55c    0000002c                : nimu.oem4f (.text:NIMUPacketServiceCheck)
                  0001b588    0000002c                : pipe.oem4f (.text:PipeClose)
                  0001b5b4    0000002c                : sockpcb.oem4f (.text:SockPcbAttach)
                  0001b5e0    0000002c                : lli.oem4f (.text:_LLIExpListRemove)
                  0001b60c    0000002c                : lli.oem4f (.text:_LLITimeoutFlush)
                  0001b638    0000002c                : rtable.oem4f (.text:_RtExpListRemove)
                  0001b664    0000002c     hwIO.obj (.text:setMotorsEnabled)
                  0001b690    0000002c     empty_pem4f.oem4f (.text:ti_sysbios_knl_Clock_doTick__I)
                  0001b6bc    0000002c     empty_pem4f.oem4f (.text:ti_sysbios_knl_Queue_construct)
                  0001b6e8    0000002c     sysbios.aem4f : BIOS.obj (.text:ti_sysbios_knl_Task_restore__E)
                  0001b714    0000002c     ti.targets.arm.rtsarm.aem4f : Text.oem4f (.text:xdc_runtime_Text_cordText__E)
                  0001b740    0000002a     driverlib.lib : gpio.obj (.text:GPIODirModeSet)
                  0001b76a    0000002a     stk6.aem4f : icmpv6in.oem4f (.text:ICMPv6RecvTimeExceeded)
                  0001b794    0000002a                : ipv6.oem4f (.text:IPv6CompareAddress)
                  0001b7be    0000002a                : lli6.oem4f (.text:LLI6IsRouterStatMachine)
                  0001b7e8    0000002a                : mld.oem4f (.text:MLDTestGroup)
                  0001b812    0000002a                : pbm.oem4f (.text:PBMQ_deq)
                  0001b83c    0000002a                : route6.oem4f (.text:Rt6Update)
                  0001b866    0000002a                : sb6.oem4f (.text:SB6Free)
                  0001b890    0000002a     netctrl_min.aem4f : netsrv.oem4f (.text:ServiceCallback)
                  0001b8ba    0000002a     nettool.aem4f : config.oem4f (.text:_CfgRelease)
                  0001b8e4    0000002a     ti.targets.arm.rtsarm.aem4f : System.oem4f (.text:xdc_runtime_System_putchar__I)
                  0001b90e    00000002     --HOLE-- [fill = 0]
                  0001b910    00000028     stk6.aem4f : bind6.oem4f (.text:Bind6FindByIF)
                  0001b938    00000028                : bind.oem4f (.text:BindFindByNet)
                  0001b960    00000028                : exec.oem4f (.text:ExecTimer)
                  0001b988    00000028                : ipv6_frag.oem4f (.text:IPv6FragQFree)
                  0001b9b0    00000028                : lli.oem4f (.text:LLIFree)
                  0001b9d8    00000028     netctrl_min.aem4f : netctrl.oem4f (.text:NC_SystemClose)
                  0001ba00    00000028     stk6.aem4f : nimu.oem4f (.text:NIMUCreatePacket)
                  0001ba28    00000028                : nimu.oem4f (.text:NIMUPacketService)
                  0001ba50    00000028                : sock6prot.oem4f (.text:Sock6PrCtlError)
                  0001ba78    00000028                : tcp6in.oem4f (.text:TCP6EnterTimeWait)
                  0001baa0    00000028                : tcpin.oem4f (.text:TcpEnterTimeWait)
                  0001bac8    00000028                : timer.oem4f (.text:TimerListRemove)
                  0001baf0    00000028                : vlan.oem4f (.text:VLANFindSourceInterface)
                  0001bb18    00000028                : vlan.oem4f (.text:VLANInit)
                  0001bb40    00000028     nettool.aem4f : dhcpsock.oem4f (.text:dhcpPacketReceive)
                  0001bb68    00000028     hwIO.obj (.text:encQuadToState)
                  0001bb90    00000028     hwIO.obj (.text:hwIO_init_portK)
                  0001bbb8    00000028     drivers_tivaware.aem4f : EMACSnow.oem4f (.text:signalLinkChange)
                  0001bbe0    00000028     empty_pem4f.oem4f (.text:ti_sysbios_BIOS_startFunc__I)
                  0001bc08    00000028     sysbios.aem4f : BIOS.obj (.text:ti_sysbios_knl_Swi_Module_startup__E)
                  0001bc30    00000028     util.obj (.text:usecsToClockCycles)
                  0001bc58    00000026     nettool.aem4f : config.oem4f (.text:CfgEntryInfo)
                  0001bc7e    00000026     driverlib.lib : emac.obj (.text:EMACPHYRead)
                  0001bca4    00000026                   : emac.obj (.text:EMACPHYWrite)
                  0001bcca    00000026     stk6.aem4f : rawethsock.oem4f (.text:RawEthSockClose)
                  0001bcf0    00000026     empty_pem4f.oem4f (.text:ti_ndk_config_udp_init)
                  0001bd16    00000026     sysbios.aem4f : m3_Hwi_asm.obj (.text:ti_sysbios_family_arm_m3_Hwi_pendSV__I)
                  0001bd3c    00000026     ti.targets.arm.rtsarm.aem4f : System.oem4f (.text:xdc_runtime_System_avprintf__E)
                  0001bd62    00000002     --HOLE-- [fill = 0]
                  0001bd64    00000024     stk6.aem4f : bind.oem4f (.text:BindFindByHost)
                  0001bd88    00000024                : bind.oem4f (.text:BindGetIFByDBCast)
                  0001bdac    00000024     drivers_tivaware.aem4f : EMACSnow.oem4f (.text:EMACSnow_pkt_service)
                  0001bdd0    00000024                            : EMACSnow.oem4f (.text:EMACSnow_primeRx)
                  0001bdf4    00000024     stk6.aem4f : nimu.oem4f (.text:NIMUFindByIndex)
                  0001be18    00000024                : rtc.oem4f (.text:RTCAddHook)
                  0001be3c    00000024                : rawethsock_pcb.oem4f (.text:RawEthSockPcbFind)
                  0001be60    00000024                : route.oem4f (.text:RtFree)
                  0001be84    00000024                : route.oem4f (.text:RtSetTimeout)
                  0001bea8    00000024                : sock6pcb.oem4f (.text:Sock6PcbAttach)
                  0001becc    00000024                : sock6pcb.oem4f (.text:Sock6PcbCleanup)
                  0001bef0    00000024                : sockpcb.oem4f (.text:SockPcbCleanup)
                  0001bf14    00000024                : tcptime.oem4f (.text:TcpTimeoutWait2)
                  0001bf38    00000024     nettool.aem4f : config.oem4f (.text:_CfgEntryProcess)
                  0001bf5c    00000024     ti.mw.fatfs.aem4f : diskio.oem4f (.text:disk_ioctl)
                  0001bf80    00000024                       : diskio.oem4f (.text:disk_read)
                  0001bfa4    00000024                       : ff.oem4f (.text:f_close)
                  0001bfc8    00000024                       : ffcio.oem4f (.text:ffcio_close)
                  0001bfec    00000024     hwIO.obj (.text:portD_ISR)
                  0001c010    00000024     hwIO.obj (.text:portH_ISR)
                  0001c034    00000024     empty_pem4f.oem4f (.text:ti_sysbios_BIOS_registerRTSLock__I)
                  0001c058    00000024     empty_pem4f.oem4f (.text:ti_sysbios_BIOS_removeRTSLock__I)
                  0001c07c    00000024     empty_pem4f.oem4f (.text:ti_sysbios_gates_GateMutex_Object__delete__S)
                  0001c0a0    00000024     sysbios.aem4f : BIOS.obj (.text:ti_sysbios_knl_Clock_Module_startup__E)
                  0001c0c4    00000024     empty_pem4f.oem4f (.text:ti_sysbios_knl_Semaphore_Object__delete__S)
                  0001c0e8    00000024     sysbios.aem4f : BIOS.obj (.text:ti_sysbios_knl_Task_restoreHwi__E)
                  0001c10c    00000024     ti.targets.arm.rtsarm.aem4f : System.oem4f (.text:xdc_runtime_System_vprintf__E)
                  0001c130    00000022     nettool.aem4f : config.oem4f (.text:CfgEntryRef)
                  0001c152    00000022     driverlib.lib : pwm.obj (.text:PWMGenConfigure)
                  0001c174    00000022     stk6.aem4f : route6.oem4f (.text:Rt6GetNetworkAddr)
                  0001c196    00000022                : vlan.oem4f (.text:VLANFindNode)
                  0001c1b8    00000022     util.obj (.text:constrainf)
                  0001c1da    00000006     driverlib.lib : gpio.obj (.text:GPIOIntClear)
                  0001c1e0    00000022     sysbios.aem4f : BIOS.obj (.text:ti_sysbios_family_arm_lm4_Timer_write__I)
                  0001c202    00000022     ti.uia.loggers.aem4f : LoggerRunMode.oem4f (.text:ti_uia_loggers_LoggerRunMode_prime__E)
                  0001c224    00000022     empty_pem4f.oem4f (.text:xdc_runtime_SysMin_output__I)
                  0001c246    00000002     --HOLE-- [fill = 0]
                  0001c248    00000020     stk6.aem4f : bind6.oem4f (.text:Bind6IF2IPHost)
                  0001c268    00000020     netctrl_min.aem4f : netctrl.oem4f (.text:NC_BootComplete)
                  0001c288    00000020     stk6.aem4f : nimu.oem4f (.text:NIMUGetNumOfObject)
                  0001c2a8    00000020                : rtc.oem4f (.text:RTCRemoveHook)
                  0001c2c8    00000020                : route6.oem4f (.text:Rt6IsDefaultRoute)
                  0001c2e8    00000020                : tcp6.oem4f (.text:TCP6TimeoutRemove)
                  0001c308    00000020                : tcp6time.oem4f (.text:TCP6TimeoutWait2)
                  0001c328    00000020                : tcp.oem4f (.text:TcpTimeoutRemove)
                  0001c348    00000020     Boot.aem4f : Boot_sysctl.oem4f (.text:_SysCtlMemTimingGet)
                  0001c368    00000020     ti.mw.fatfs.aem4f : diskio.oem4f (.text:disk_write)
                  0001c388    00000020                       : ffcio.oem4f (.text:ffcio_read)
                  0001c3a8    00000020                       : ffcio.oem4f (.text:ffcio_write)
                  0001c3c8    00000020     hwIO.obj (.text:hwIO_init_portG)
                  0001c3e8    00000020     hwIO.obj (.text:hwIO_init_portL)
                  0001c408    00000020     stk6.aem4f : listlib.oem4f (.text:list_cat)
                  0001c428    00000020     empty_pem4f.oem4f (.text:ti_sysbios_BIOS_rtsLock__I)
                  0001c448    00000020     empty_pem4f.oem4f (.text:ti_sysbios_family_arm_m3_Hwi_Object__delete__S)
                  0001c468    00000020     sysbios.aem4f : m3_Hwi_asm.obj (.text:ti_sysbios_family_arm_m3_Hwi_excHandlerAsm__I)
                  0001c488    00000020                   : BIOS.obj (.text:ti_sysbios_family_arm_m3_Hwi_excHandler__I)
                  0001c4a8    00000020     empty_pem4f.oem4f (.text:ti_sysbios_gates_GateHwi_Object__delete__S)
                  0001c4c8    00000020     empty_pem4f.oem4f (.text:ti_sysbios_heaps_HeapMem_Object__delete__S)
                  0001c4e8    00000020     sysbios.aem4f : BIOS.obj (.text:ti_sysbios_knl_Idle_run__E)
                  0001c508    00000020     empty_pem4f.oem4f (.text:ti_sysbios_knl_Semaphore_Object__destruct__S)
                  0001c528    00000020     empty_pem4f.oem4f (.text:ti_sysbios_knl_Swi_Object__delete__S)
                  0001c548    00000020     empty_pem4f.oem4f (.text:ti_sysbios_knl_Task_Object__delete__S)
                  0001c568    00000020     empty_pem4f.oem4f (.text:ti_uia_loggers_LoggerRunMode_Object__delete__S)
                  0001c588    00000020     ti.targets.arm.rtsarm.aem4f : Registry.oem4f (.text:xdc_runtime_Registry_findById__E)
                  0001c5a8    00000020                                 : SysMin.oem4f (.text:xdc_runtime_SysMin_Module_startup__E)
                  0001c5c8    0000001e     driverlib.lib : pwm.obj (.text:PWMPulseWidthSet)
                  0001c5e6    0000001e     ti.mw.fatfs.aem4f : ff.oem4f (.text:ld_clust)
                  0001c604    0000001e     stk6.aem4f : listlib.oem4f (.text:list_remove)
                  0001c622    0000001e     rtsv7M4_T_le_v4SPD16_eabi.lib : strcat.obj (.text)
                  0001c640    0000001e     empty_pem4f.oem4f (.text:ti_sysbios_BIOS_errorRaiseHook__I)
                  0001c65e    0000001e     sysbios.aem4f : m3_Hwi_asm_switch.obj (.text:ti_sysbios_family_xxx_Hwi_switchAndRunFunc)
                  0001c67c    0000001c     stk6.aem4f : bind.oem4f (.text:BindFindByIF)
                  0001c698    0000001c                : exec.oem4f (.text:ExecBroadcast)
                  0001c6b4    0000001c                : icmpv6in.oem4f (.text:ICMPv6RecvPktTooBig)
                  0001c6d0    0000001c                : ipv6.oem4f (.text:IPv6IsLinkLocal)
                  0001c6ec    0000001c     os.aem4f : ossys.oem4f (.text:NDK_sprintf)
                  0001c708    0000001c     stk6.aem4f : nimu.oem4f (.text:NIMUAddHeader)
                  0001c724    0000001c                : sock6prot.oem4f (.text:Sock6PrDetach)
                  0001c740    0000001c                : sockprot.oem4f (.text:SockPrDetach)
                  0001c75c    0000001c     os.aem4f : task.oem4f (.text:TaskDestroy)
                  0001c778    0000001c     driverlib.lib : sysctl.obj (.text:_SysCtlMemTimingGet)
                  0001c794    0000001c     ti.mw.fatfs.aem4f : diskio.oem4f (.text:disk_initialize)
                  0001c7b0    0000001c                       : diskio.oem4f (.text:disk_status)
                  0001c7cc    0000001c                       : ff.oem4f (.text:mem_cmp)
                  0001c7e8    0000001c     hwIO.obj (.text:portB_ISR)
                  0001c804    0000001c     hwIO.obj (.text:portL_ISR)
                  0001c820    0000001c     hwIO.obj (.text:portM_ISR)
                  0001c83c    0000001c     hwIO.obj (.text:portN_ISR)
                  0001c858    0000001c     hwIO.obj (.text:portP_ISR)
                  0001c874    00000004     empty_pem4f.oem4f (.text:xdc_runtime_System_Module_GateProxy_enter__E)
[...]
000204fc  ti_sysbios_knl_Task_E_stackOverflow__C                               
00020500  ti_sysbios_knl_Task_Module_State_inactiveQ__O                        
00020504  ti_sysbios_knl_Task_Module_State_terminatedQ__O                      
00020508  ti_sysbios_knl_Task_Module__diagsEnabled__C                          
0002050c  ti_sysbios_knl_Task_Module__diagsIncluded__C                         
00020510  ti_sysbios_knl_Task_Module__diagsMask__C                             
00020514  ti_sysbios_knl_Task_Object__count__C                                 
00020518  ti_sysbios_knl_Task_Object__heap__C                                  
0002051c  ti_sysbios_knl_Task_allBlockedFunc__C                                
00020520  ti_sysbios_knl_Task_defaultStackHeap__C                              
00020524  ti_sysbios_knl_Task_defaultStackSize__C                              
00020528  ti_sysbios_knl_Task_numConstructedTasks__C                           
0002052c  ti_sysbios_utils_Load_Module__diagsEnabled__C                        
00020530  ti_sysbios_utils_Load_Module__diagsIncluded__C                       
00020534  ti_sysbios_utils_Load_Module__diagsMask__C                           
00020538  ti_sysbios_utils_Load_postUpdate__C                                  
0002053c  ti_sysbios_utils_Load_windowInMs__C                                  
00020540  ti_uia_loggers_LoggerRunMode_Module__diagsEnabled__C                 
00020544  ti_uia_loggers_LoggerRunMode_Module__diagsIncluded__C                
00020548  ti_uia_loggers_LoggerRunMode_Module__diagsMask__C                    
0002054c  ti_uia_loggers_LoggerRunMode_Object__count__C                        
00020550  ti_uia_runtime_ILoggerSnapshot_Interface__BASE__C                    
00020554  ti_uia_runtime_IUIATransfer_Interface__BASE__C                       
00020558  xdc_runtime_Assert_E_assertFailed__C                                 
0002055c  xdc_runtime_Core_A_initializedParams__C                              
00020560  xdc_runtime_Core_Module__diagsEnabled__C                             
00020564  xdc_runtime_Core_Module__diagsIncluded__C                            
00020568  xdc_runtime_Core_Module__diagsMask__C                                
0002056c  xdc_runtime_Error_E_memory__C                                        
00020570  xdc_runtime_Error_Module__diagsEnabled__C                            
00020574  xdc_runtime_Error_Module__diagsIncluded__C                           
00020578  xdc_runtime_Error_Module__diagsMask__C                               
0002057c  xdc_runtime_Error_Module__loggerFxn8__C                              
00020580  xdc_runtime_Error_Module__loggerObj__C                               
00020584  xdc_runtime_Error_policyFxn__C                                       
00020588  xdc_runtime_Error_raiseHook__C                                       
0002058c  xdc_runtime_IFilterLogger_Interface__BASE__C                         
00020590  xdc_runtime_IGateProvider_Interface__BASE__C                         
00020594  xdc_runtime_IHeap_Interface__BASE__C                                 
00020598  xdc_runtime_ILogger_Interface__BASE__C                               
0002059c  xdc_runtime_IModule_Interface__BASE__C                               
000205a0  xdc_runtime_Log_L_error__C                                           
000205a4  xdc_runtime_Memory_defaultHeapInstance__C                            
000205a8  xdc_runtime_Startup_execImpl__C                                      
000205ac  xdc_runtime_Startup_lastFxns__A                                      
000205b0  xdc_runtime_Startup_maxPasses__C                                     
000205b4  xdc_runtime_Startup_sfxnRts__C                                       
000205b8  xdc_runtime_Startup_sfxnTab__C                                       
000205bc  xdc_runtime_SysMin_bufSize__C                                        
000205c0  xdc_runtime_SysMin_outputFunc__C                                     
000205c4  xdc_runtime_System_Module__gateObj__C                                
000205c8  xdc_runtime_System_abortFxn__C                                       
000205cc  xdc_runtime_System_exitFxn__C                                        
000205d0  xdc_runtime_System_extendFxn__C                                      
000205d4  xdc_runtime_System_maxAtexitHandlers__C                              
000205d8  xdc_runtime_Text_charTab__C                                          
000205dc  xdc_runtime_Text_nameEmpty__C                                        
000205e0  xdc_runtime_Text_nameStatic__C                                       
000205e4  xdc_runtime_Text_nameUnknown__C                                      
000205e8  xdc_runtime_Text_nodeTab__C                                          
000205ec  xdc_runtime_Text_visitRopeFxn__C                                     
000205f0  ti_sysbios_family_arm_m3_Hwi_Module__id__C                           
000205f2  ti_sysbios_gates_GateMutex_Module__id__C                             
000205f4  ti_sysbios_hal_Hwi_Module__id__C                                     
000205f6  ti_sysbios_heaps_HeapMem_Module__id__C                               
000205f8  ti_sysbios_knl_Clock_Module__id__C                                   
000205fa  ti_sysbios_knl_Semaphore_Module__id__C                               
000205fc  ti_sysbios_knl_Swi_Module__id__C                                     
000205fe  ti_sysbios_knl_Task_Module__id__C                                    
00020600  ti_sysbios_utils_Load_Module__id__C                                  
00020602  ti_sysbios_utils_Load_updateInIdle__C                                
00020604  ti_uia_loggers_LoggerRunMode_Module__id__C                           
00020606  ti_uia_loggers_LoggerRunMode_isTimestampEnabled__C                   
00020608  xdc_runtime_Core_Module__id__C                                       
0002060a  xdc_runtime_Error_Module__loggerDefined__C                           
0002060c  xdc_runtime_Error_maxDepth__C                                        
0002060e  xdc_runtime_Memory_Module__id__C                                     
00020610  xdc_runtime_SysMin_flushAtExit__C                                    
00020612  xdc_runtime_Text_charCnt__C                                          
00020614  xdc_runtime_Text_isLoaded__C                                         
00020616  xdc_runtime_Text_registryModsLastId__C                               
00020618  xdc_runtime_Text_unnamedModsLastId__C                                
00020620  __TI_static_base__                                                   
00020ed8  __TI_Handler_Table_Base                                              
00020ee4  __TI_Handler_Table_Limit                                             
00020ef8  __TI_CINIT_Base                                                      
00020f10  __TI_CINIT_Limit                                                     
20000000  ti_sysbios_family_arm_m3_Hwi_ramVectors                              
20000380  ti_ndk_config_Global_pBufMem                                         
20006380  ti_ndk_config_Global_pHdrMem                                         
200069c0  ti_ndk_config_Global_pit                                             
20006aa0  ti_ndk_config_Global_pitBuffer                                       
2000caa0  ti_sysbios_heaps_HeapMem_Instance_State_0_buf__A                     
20011aa0  ti_sysbios_knl_Task_Instance_State_0_stack__A                        
200122a0  ti_sysbios_knl_Task_Instance_State_1_stack__A                        
200124a0  task0Stack                                                           
20012ca0  ipv6mcb                                                              
20012cf8  emacObjects                                                          
20012d00  ti_uia_loggers_LoggerRunMode_Instance_State_1_packetArray__A         
20013100  ti_uia_loggers_LoggerRunMode_Instance_State_2_packetArray__A         
200134fc  ti_sysbios_family_arm_m3_Hwi_dispatchTable                           
20013880  ti_uia_loggers_LoggerRunMode_Instance_State_0_packetArray__A         
20013a78  __CIOBUF_                                                            
20013c98  tcp6_stats                                                           
20013d50  tcps                                                                 
20013fdc  xdc_runtime_SysMin_Module_State_0_outbuf__A                          
2001405c  ips                                                                  
200140c4  nimu_mcb                                                             
20014128  task0Struct                                                          
20014178  _ICMPIn                                                              
200141c4  _ICMPOut                                                             
20014280  ti_uia_loggers_LoggerRunMode_Instance_State_0_hdr__A                 
200142b0  vlan_mcb                                                             
200142d8  udp6_stats                                                           
20014300  ti_uia_loggers_LoggerRunMode_Instance_State_1_hdr__A                 
20014330  udps                                                                 
20014354  BlockCount                                                           
20014380  ti_uia_loggers_LoggerRunMode_Instance_State_2_hdr__A                 
200143b0  BlockMax                                                             
200143cc  PageCount                                                            
200143e8  PageMax                                                              
20014404  icmp6stats                                                           
2001441c  stkEvent                                                             
20014448  IPV6_ALL_NODES_ADDRESS                                               
20014458  IPV6_ALL_ROUTER_ADDRESS                                              
20014468  IPV6_HOST_MASK                                                       
20014478  IPV6_LINKLOCALMASK                                                   
20014488  IPV6_LOOPBACK_ADDRESS                                                
20014498  IPV6_MULTICASTMASK                                                   
200144a8  IPV6_UNSPECIFIED_ADDRESS                                             
200144c8  raw6_stats                                                           
200144d8  raweths                                                              
200144e8  raws                                                                 
200144f8  PBMQ_free                                                            
20014504  tpseudo                                                              
20014510  upseudo                                                              
20014538  _IGMPInDiscard                                                       
2001453c  _IGMPInQuery                                                         
20014540  _IGMPInQueryGroup                                                    
20014544  _IGMPInResponse                                                      
20014548  _IGMPOutResponse                                                     
2001454c  encA_cts                                                             
20014550  g_ulStatus                                                           
20014568  raweth_pcb                                                           
2001456c  ti_sysbios_knl_Task_Instance_State_0_hookEnv__A                      
20014570  ti_sysbios_knl_Task_Instance_State_1_hookEnv__A                      
20014578  xdc_runtime_Diags_dictElems                                          
20014598  ti_ndk_config_Global_Id2Size                                         
200145b4  ti_ndk_config_Global_HostName                                        
200145f8  ti_sysbios_family_arm_lm4_Seconds_Module__state__V                   
20014600  ti_sysbios_family_arm_lm4_Timer_Module__root__V                      
20014608  ti_sysbios_family_arm_lm4_Timer_Module_State_0_handles__A            
20014628  ti_sysbios_family_arm_lm4_Timer_Module__state__V                     
20014634  ti_sysbios_family_arm_lm4_TimestampProvider_Module__state__V         
2001463c  ti_sysbios_family_arm_m3_Hwi_Module__root__V                         
20014644  ti_sysbios_family_arm_m3_Hwi_Module_State_0_excActive__A             
20014648  ti_sysbios_family_arm_m3_Hwi_Module_State_0_excContext__A            
2001464c  ti_sysbios_family_arm_m3_Hwi_Module_State_0_excStack__A              
20014650  ti_sysbios_gates_GateHwi_Module__root__V                             
20014658  ti_sysbios_gates_GateHwi_Object__table__V                            
2001465c  ti_sysbios_gates_GateMutex_Module__root__V                           
20014664  ti_sysbios_hal_Hwi_Module__root__V                                   
2001466c  ti_sysbios_heaps_HeapMem_Module__root__V                             
20014674  ti_sysbios_heaps_HeapMem_Object__table__V                            
2001468c  ti_sysbios_knl_Clock_Module__root__V                                 
20014694  ti_sysbios_knl_Event_Module__root__V                                 
200146a0  ti_sysbios_knl_Queue_Module__root__V                                 
200146a8  ti_sysbios_knl_Semaphore_Module__root__V                             
200146b0  ti_sysbios_knl_Swi_Module__root__V                                   
200146b8  ti_sysbios_knl_Swi_Module__state__V                                  
200146d4  ti_sysbios_knl_Task_Module__root__V                                  
200146e0  ti_sysbios_knl_Task_Module_State_0_idleTask__A                       
200146e4  ti_sysbios_utils_Load_Module_State_0_taskStartTime__A                
200146e8  ti_sysbios_utils_Load_Module_State_0_runningTask__A                  
200146ec  ti_uia_loggers_LoggerRunMode_Module__root__V                         
200146f4  ti_uia_loggers_LoggerRunMode_Module__state__V                        
20014700  ti_uia_runtime_QueueDescriptor_Module__state__V                      
2001470c  xdc_runtime_Error_Module__state__V                                   
2001470e  xdc_runtime_Main_Module__root__V                                     
20014710  xdc_runtime_Memory_Module__state__V                                  
20014714  xdc_runtime_Registry_Module__state__V                                
2001471c  xdc_runtime_Startup_Module__state__V                                 
20014724  xdc_runtime_SysMin_Module__state__V                                  
20014730  xdc_runtime_System_Module_State_0_atexitHandlers__A                  
20014738  xdc_runtime_System_Module__state__V                                  
20014740  xdc_runtime_Text_Module__state__V                                    
20014748  __xdc__init__addr                                                    
2001474c  ti_sysbios_family_arm_m3_Hwi_Object__table__V                        
2001490c  ti_uia_loggers_LoggerRunMode_Object__table__V                        
200149cc  _ipcfg                                                               
20014a80  ti_sysbios_knl_Task_Object__table__V                                 
20014b18  ti_sysbios_utils_Load_Module__state__V                               
20014bb0  ti_sysbios_family_arm_lm4_Timer_Object__table__V                     
20014c30  ti_sysbios_knl_Swi_Module_State_0_readyQ__A                          
20014cb0  ti_sysbios_knl_Task_Module_State_0_readyQ__A                         
20014e20  ti_sysbios_knl_Task_Module__state__V                                 
20014ee4  axisADat                                                             
20014f24  axisBDat                                                             
20014f64  axisCDat                                                             
20014fa4  ti_sysbios_family_arm_lm4_Timer_Module_State_0_device__A             
20014fe4  ti_sysbios_hal_Hwi_Object__table__V                                  
20015024  ti_sysbios_gates_GateMutex_Object__table__V                          
200150c4  ti_sysbios_family_arm_m3_Hwi_Module__state__V                        
200150f8  enablePrefetch                                                       
200150fc  phyCounter                                                           
2001512c  ti_sysbios_knl_Swi_Object__table__V                                  
2001515c  ti_sysbios_knl_Clock_Module__state__V                                
20015188  pstrMsgName                                                          
200151b0  _oscfg                                                               
200151f8  PITCount                                                             
200151fc  PITUsed                                                              
20015200  PITHigh                                                              
2001521c  ti_sysbios_BIOS_Module__state__V                                     
20015241  macAddress                                                           
20015248  gpioPinConfigs                                                       
20015258  gpioCallbackFunctions                                                
20015280  tickTime                                                             
20015288  thermo_clk                                                           
2001528c  thermo_bitsPerFrame                                                  
20015290  thermo_comMode                                                       
20015294  thermo_tempScl                                                       
200152f8  _tz                                                                  
20015320  _IGMPForceVersion1                                                   
2001534c  NIMUDeviceTable                                                      
2001535c  _lock                                                                
20015360  _unlock                                                              
20015364  __TI_cleanup_ptr                                                     
20015368  __TI_dtors_ptr                                                       
20015374  _ICMPInErrors                                                        
20015378  _ICMPOutErrors                                                       
2001537c  _IPExecuting                                                         
2001538c  gFragQList                                                           
2001539c  tcp_iss                                                              
200153a0  ptTimeFirst                                                          
200153a4  pt6TimeFirst                                                         
200153a8  tcp6_iss                                                             
200153b4  ti_uia_runtime_QueueDescriptor_gPtrToFirstDescriptor                 
200153b8  ti_uia_runtime_QueueDescriptor_gUpdateCount                          
200153c8  main_func_sp                                                         
200153d0  _IPReasmPtr                                                          
200153dc  gMLDNodeList                                                         
200153f0  __stack                                                              
20015bf0  __STACK_END                                                          
e000e000  ti_sysbios_family_arm_m3_Hwi_nvic                                    
ffffffff  __binit__                                                            
ffffffff  __c_args__                                                           
ffffffff  binit                                                                
UNDEFED   SHT$$INIT_ARRAY$$Base                                                
UNDEFED   SHT$$INIT_ARRAY$$Limit                                               

[1364 symbols]
